

================================================================
== Vivado HLS Report for 'cordiccart2pol'
================================================================
* Date:           Tue Oct 20 21:17:33 2020

* Version:        2020.1 (Build 2897737 on Wed May 27 20:21:37 MDT 2020)
* Project:        cordiccart2pol3
* Solution:       solution1
* Product family: zynq
* Target device:  xc7z020-clg400-1


================================================================
== Performance Estimates
================================================================
+ Timing: 
    * Summary: 
    +--------+----------+----------+------------+
    |  Clock |  Target  | Estimated| Uncertainty|
    +--------+----------+----------+------------+
    |ap_clk  | 10.00 ns | 8.700 ns |   1.25 ns  |
    +--------+----------+----------+------------+

+ Latency: 
    * Summary: 
    +---------+---------+----------+----------+-----+-----+---------+
    |  Latency (cycles) |  Latency (absolute) |  Interval | Pipeline|
    |   min   |   max   |    min   |    max   | min | max |   Type  |
    +---------+---------+----------+----------+-----+-----+---------+
    |       23|       23| 0.230 us | 0.230 us |   23|   23|   none  |
    +---------+---------+----------+----------+-----+-----+---------+

    + Detail: 
        * Instance: 
        N/A

        * Loop: 
        N/A



================================================================
== Utilization Estimates
================================================================
* Summary: 
+-----------------+---------+-------+--------+-------+-----+
|       Name      | BRAM_18K| DSP48E|   FF   |  LUT  | URAM|
+-----------------+---------+-------+--------+-------+-----+
|DSP              |        -|      -|       -|      -|    -|
|Expression       |        -|      2|      80|  10934|    -|
|FIFO             |        -|      -|       -|      -|    -|
|Instance         |        -|      0|     200|    276|    -|
|Memory           |        -|      -|       -|      -|    -|
|Multiplexer      |        -|      -|       -|    189|    -|
|Register         |        -|      -|    2102|      -|    -|
+-----------------+---------+-------+--------+-------+-----+
|Total            |        0|      2|    2382|  11399|    0|
+-----------------+---------+-------+--------+-------+-----+
|Available        |      280|    220|  106400|  53200|    0|
+-----------------+---------+-------+--------+-------+-----+
|Utilization (%)  |        0|   ~0  |       2|     21|    0|
+-----------------+---------+-------+--------+-------+-----+

+ Detail: 
    * Instance: 
    +-------------------------+----------------------+---------+-------+-----+-----+-----+
    |         Instance        |        Module        | BRAM_18K| DSP48E|  FF | LUT | URAM|
    +-------------------------+----------------------+---------+-------+-----+-----+-----+
    |cordiccart2pol_fpbkb_U1  |cordiccart2pol_fpbkb  |        0|      0|  100|  138|    0|
    |cordiccart2pol_fpbkb_U2  |cordiccart2pol_fpbkb  |        0|      0|  100|  138|    0|
    +-------------------------+----------------------+---------+-------+-----+-----+-----+
    |Total                    |                      |        0|      0|  200|  276|    0|
    +-------------------------+----------------------+---------+-------+-----+-----+-----+

    * DSP48E: 
    N/A

    * Memory: 
    N/A

    * FIFO: 
    N/A

    * Expression: 
    +-----------------------------+----------+-------+----+-----+------------+------------+
    |        Variable Name        | Operation| DSP48E| FF | LUT | Bitwidth P0| Bitwidth P1|
    +-----------------------------+----------+-------+----+-----+------------+------------+
    |r_V_fu_4004_p2               |     *    |      2|   0|   40|          24|          27|
    |add_ln1192_10_fu_1913_p2     |     +    |      0|   0|   59|          52|          52|
    |add_ln1192_11_fu_2000_p2     |     +    |      0|   0|   62|          55|          55|
    |add_ln1192_12_fu_2112_p2     |     +    |      0|   0|   59|          52|          52|
    |add_ln1192_13_fu_2199_p2     |     +    |      0|   0|   62|          55|          55|
    |add_ln1192_14_fu_2311_p2     |     +    |      0|   0|   59|          52|          52|
    |add_ln1192_15_fu_2398_p2     |     +    |      0|   0|   62|          55|          55|
    |add_ln1192_16_fu_2510_p2     |     +    |      0|   0|   59|          52|          52|
    |add_ln1192_17_fu_2597_p2     |     +    |      0|   0|   62|          55|          55|
    |add_ln1192_18_fu_2709_p2     |     +    |      0|   0|   59|          52|          52|
    |add_ln1192_19_fu_2796_p2     |     +    |      0|   0|   62|          55|          55|
    |add_ln1192_1_fu_983_p2       |     +    |      0|   0|   62|          55|          55|
    |add_ln1192_20_fu_2908_p2     |     +    |      0|   0|   59|          52|          52|
    |add_ln1192_21_fu_2995_p2     |     +    |      0|   0|   62|          55|          55|
    |add_ln1192_22_fu_3107_p2     |     +    |      0|   0|   59|          52|          52|
    |add_ln1192_23_fu_3194_p2     |     +    |      0|   0|   62|          55|          55|
    |add_ln1192_24_fu_3306_p2     |     +    |      0|   0|   59|          52|          52|
    |add_ln1192_25_fu_3393_p2     |     +    |      0|   0|   62|          55|          55|
    |add_ln1192_26_fu_3505_p2     |     +    |      0|   0|   59|          52|          52|
    |add_ln1192_27_fu_3592_p2     |     +    |      0|   0|   62|          55|          55|
    |add_ln1192_28_fu_3704_p2     |     +    |      0|   0|   59|          52|          52|
    |add_ln1192_29_fu_3791_p2     |     +    |      0|   0|   62|          55|          55|
    |add_ln1192_2_fu_1117_p2      |     +    |      0|   0|   59|          52|          52|
    |add_ln1192_30_fu_3885_p2     |     +    |      0|   0|   59|          52|          52|
    |add_ln1192_3_fu_1204_p2      |     +    |      0|   0|   62|          55|          55|
    |add_ln1192_4_fu_1316_p2      |     +    |      0|   0|   59|          52|          52|
    |add_ln1192_5_fu_1403_p2      |     +    |      0|   0|   62|          55|          55|
    |add_ln1192_6_fu_1515_p2      |     +    |      0|   0|   59|          52|          52|
    |add_ln1192_7_fu_1602_p2      |     +    |      0|   0|   62|          55|          55|
    |add_ln1192_8_fu_1714_p2      |     +    |      0|   0|   59|          52|          52|
    |add_ln1192_9_fu_1801_p2      |     +    |      0|   0|   62|          55|          55|
    |add_ln1192_fu_905_p2         |     +    |      0|   0|   58|          51|          51|
    |add_ln581_1_fu_478_p2        |     +    |      0|   0|   12|           6|          12|
    |add_ln581_fu_370_p2          |     +    |      0|   0|   12|           6|          12|
    |add_ln703_10_fu_1971_p2      |     +    |      0|   0|   34|          19|          27|
    |add_ln703_11_fu_2016_p2      |     +    |      0|   0|   34|          20|          27|
    |add_ln703_12_fu_2170_p2      |     +    |      0|   0|   34|          18|          27|
    |add_ln703_13_fu_2215_p2      |     +    |      0|   0|   34|          19|          27|
    |add_ln703_14_fu_2369_p2      |     +    |      0|   0|   34|          17|          27|
    |add_ln703_15_fu_2414_p2      |     +    |      0|   0|   34|          18|          27|
    |add_ln703_16_fu_2568_p2      |     +    |      0|   0|   34|          16|          27|
    |add_ln703_17_fu_2613_p2      |     +    |      0|   0|   34|          17|          27|
    |add_ln703_18_fu_2767_p2      |     +    |      0|   0|   34|          15|          27|
    |add_ln703_19_fu_2812_p2      |     +    |      0|   0|   34|          16|          27|
    |add_ln703_1_fu_999_p2        |     +    |      0|   0|   34|          25|          27|
    |add_ln703_20_fu_2966_p2      |     +    |      0|   0|   34|          14|          27|
    |add_ln703_21_fu_3011_p2      |     +    |      0|   0|   34|          15|          27|
    |add_ln703_22_fu_3165_p2      |     +    |      0|   0|   34|          13|          27|
    |add_ln703_23_fu_3210_p2      |     +    |      0|   0|   34|          14|          27|
    |add_ln703_24_fu_3364_p2      |     +    |      0|   0|   34|          12|          27|
    |add_ln703_25_fu_3409_p2      |     +    |      0|   0|   34|          13|          27|
    |add_ln703_26_fu_3563_p2      |     +    |      0|   0|   34|          11|          27|
    |add_ln703_27_fu_3608_p2      |     +    |      0|   0|   34|          12|          27|
    |add_ln703_28_fu_3762_p2      |     +    |      0|   0|   34|          10|          27|
    |add_ln703_29_fu_3807_p2      |     +    |      0|   0|   34|          11|          27|
    |add_ln703_2_fu_1175_p2       |     +    |      0|   0|   34|          23|          27|
    |add_ln703_30_fu_3901_p2      |     +    |      0|   0|   34|           9|          27|
    |add_ln703_31_fu_3939_p2      |     +    |      0|   0|   34|          10|          27|
    |add_ln703_3_fu_1220_p2       |     +    |      0|   0|   34|          24|          27|
    |add_ln703_4_fu_1374_p2       |     +    |      0|   0|   34|          22|          27|
    |add_ln703_5_fu_1419_p2       |     +    |      0|   0|   34|          23|          27|
    |add_ln703_6_fu_1573_p2       |     +    |      0|   0|   34|          21|          27|
    |add_ln703_7_fu_1618_p2       |     +    |      0|   0|   34|          22|          27|
    |add_ln703_8_fu_1772_p2       |     +    |      0|   0|   34|          20|          27|
    |add_ln703_9_fu_1817_p2       |     +    |      0|   0|   34|          21|          27|
    |add_ln703_fu_953_p2          |     +    |      0|   0|   34|          24|          27|
    |add_ln949_1_fu_4382_p2       |     +    |      0|   0|   34|           6|          27|
    |add_ln949_fu_4160_p2         |     +    |      0|   0|   34|           6|          27|
    |add_ln958_1_fu_4476_p2       |     +    |      0|   0|   39|           6|          32|
    |add_ln958_fu_4248_p2         |     +    |      0|   0|   39|           6|          32|
    |add_ln964_1_fu_4543_p2       |     +    |      0|   0|    8|           8|           8|
    |add_ln964_fu_4436_p2         |     +    |      0|   0|    8|           8|           8|
    |lsb_index_1_fu_4309_p2       |     +    |      0|   0|   39|           6|          32|
    |lsb_index_fu_4087_p2         |     +    |      0|   0|   39|           6|          32|
    |m_12_fu_4505_p2              |     +    |      0|   0|   39|          32|          32|
    |m_2_fu_4277_p2               |     +    |      0|   0|   39|          32|          32|
    |F2_1_fu_466_p2               |     -    |      0|   0|   12|          11|          12|
    |F2_fu_358_p2                 |     -    |      0|   0|   12|          11|          12|
    |man_V_1_fu_338_p2            |     -    |      0|   0|   61|           1|          54|
    |man_V_4_fu_446_p2            |     -    |      0|   0|   61|           1|          54|
    |sub_ln1193_10_fu_1955_p2     |     -    |      0|   0|   62|          55|          55|
    |sub_ln1193_11_fu_1984_p2     |     -    |      0|   0|   62|          55|          55|
    |sub_ln1193_12_fu_2154_p2     |     -    |      0|   0|   62|          55|          55|
    |sub_ln1193_13_fu_2183_p2     |     -    |      0|   0|   62|          55|          55|
    |sub_ln1193_14_fu_2353_p2     |     -    |      0|   0|   62|          55|          55|
    |sub_ln1193_15_fu_2382_p2     |     -    |      0|   0|   62|          55|          55|
    |sub_ln1193_16_fu_2552_p2     |     -    |      0|   0|   62|          55|          55|
    |sub_ln1193_17_fu_2581_p2     |     -    |      0|   0|   62|          55|          55|
    |sub_ln1193_18_fu_2751_p2     |     -    |      0|   0|   62|          55|          55|
    |sub_ln1193_19_fu_2780_p2     |     -    |      0|   0|   62|          55|          55|
    |sub_ln1193_1_fu_967_p2       |     -    |      0|   0|   59|          52|          52|
    |sub_ln1193_20_fu_2950_p2     |     -    |      0|   0|   62|          55|          55|
    |sub_ln1193_21_fu_2979_p2     |     -    |      0|   0|   62|          55|          55|
    |sub_ln1193_22_fu_3149_p2     |     -    |      0|   0|   62|          55|          55|
    |sub_ln1193_23_fu_3178_p2     |     -    |      0|   0|   62|          55|          55|
    |sub_ln1193_24_fu_3348_p2     |     -    |      0|   0|   62|          55|          55|
    |sub_ln1193_25_fu_3377_p2     |     -    |      0|   0|   62|          55|          55|
    |sub_ln1193_26_fu_3547_p2     |     -    |      0|   0|   62|          55|          55|
    |sub_ln1193_27_fu_3576_p2     |     -    |      0|   0|   62|          55|          55|
    |sub_ln1193_28_fu_3746_p2     |     -    |      0|   0|   62|          55|          55|
    |sub_ln1193_29_fu_3775_p2     |     -    |      0|   0|   62|          55|          55|
    |sub_ln1193_2_fu_1159_p2      |     -    |      0|   0|   62|          55|          55|
    |sub_ln1193_30_fu_3923_p2     |     -    |      0|   0|   62|          55|          55|
    |sub_ln1193_3_fu_1188_p2      |     -    |      0|   0|   62|          55|          55|
    |sub_ln1193_4_fu_1358_p2      |     -    |      0|   0|   62|          55|          55|
    |sub_ln1193_5_fu_1387_p2      |     -    |      0|   0|   62|          55|          55|
    |sub_ln1193_6_fu_1557_p2      |     -    |      0|   0|   62|          55|          55|
    |sub_ln1193_7_fu_1586_p2      |     -    |      0|   0|   62|          55|          55|
    |sub_ln1193_8_fu_1756_p2      |     -    |      0|   0|   62|          55|          55|
    |sub_ln1193_9_fu_1785_p2      |     -    |      0|   0|   62|          55|          55|
    |sub_ln1193_fu_937_p2         |     -    |      0|   0|   62|          55|          55|
    |sub_ln581_1_fu_484_p2        |     -    |      0|   0|   12|           5|          12|
    |sub_ln581_fu_376_p2          |     -    |      0|   0|   12|           5|          12|
    |sub_ln939_fu_4025_p2         |     -    |      0|   0|   33|           1|          26|
    |sub_ln944_1_fu_4300_p2       |     -    |      0|   0|   39|           5|          32|
    |sub_ln944_fu_4078_p2         |     -    |      0|   0|   39|           5|          32|
    |sub_ln947_1_fu_4335_p2       |     -    |      0|   0|   15|           5|           5|
    |sub_ln947_fu_4113_p2         |     -    |      0|   0|   15|           5|           5|
    |sub_ln958_1_fu_4487_p2       |     -    |      0|   0|   39|           5|          32|
    |sub_ln958_fu_4259_p2         |     -    |      0|   0|   39|           5|          32|
    |sub_ln964_1_fu_4538_p2       |     -    |      0|   0|    8|           2|           8|
    |sub_ln964_fu_4431_p2         |     -    |      0|   0|    8|           2|           8|
    |tmp_V_fu_4204_p2             |     -    |      0|   0|   34|           1|          27|
    |xfix_V_fu_812_p2             |     -    |      0|   0|   34|           1|          27|
    |yfix_V_fu_806_p2             |     -    |      0|   0|   34|           1|          27|
    |a_1_fu_4362_p2               |    and   |      0|   0|    2|           1|           1|
    |a_fu_4140_p2                 |    and   |      0|   0|    2|           1|           1|
    |and_ln1494_fu_818_p2         |    and   |      0|   0|    2|           1|           1|
    |and_ln1495_10_fu_2876_p2     |    and   |      0|   0|    2|           1|           1|
    |and_ln1495_11_fu_3075_p2     |    and   |      0|   0|    2|           1|           1|
    |and_ln1495_12_fu_3274_p2     |    and   |      0|   0|    2|           1|           1|
    |and_ln1495_13_fu_3473_p2     |    and   |      0|   0|    2|           1|           1|
    |and_ln1495_14_fu_3672_p2     |    and   |      0|   0|    2|           1|           1|
    |and_ln1495_15_fu_3959_p2     |    and   |      0|   0|    2|           1|           1|
    |and_ln1495_1_fu_1085_p2      |    and   |      0|   0|    2|           1|           1|
    |and_ln1495_2_fu_1284_p2      |    and   |      0|   0|    2|           1|           1|
    |and_ln1495_3_fu_1483_p2      |    and   |      0|   0|    2|           1|           1|
    |and_ln1495_4_fu_1682_p2      |    and   |      0|   0|    2|           1|           1|
    |and_ln1495_5_fu_1881_p2      |    and   |      0|   0|    2|           1|           1|
    |and_ln1495_6_fu_2080_p2      |    and   |      0|   0|    2|           1|           1|
    |and_ln1495_7_fu_2279_p2      |    and   |      0|   0|    2|           1|           1|
    |and_ln1495_8_fu_2478_p2      |    and   |      0|   0|    2|           1|           1|
    |and_ln1495_9_fu_2677_p2      |    and   |      0|   0|    2|           1|           1|
    |and_ln1495_fu_1019_p2        |    and   |      0|   0|    2|           1|           1|
    |and_ln581_1_fu_708_p2        |    and   |      0|   0|    2|           1|           1|
    |and_ln581_fu_580_p2          |    and   |      0|   0|    2|           1|           1|
    |and_ln582_1_fu_686_p2        |    and   |      0|   0|    2|           1|           1|
    |and_ln582_fu_558_p2          |    and   |      0|   0|    2|           1|           1|
    |and_ln585_1_fu_605_p2        |    and   |      0|   0|    2|           1|           1|
    |and_ln585_2_fu_719_p2        |    and   |      0|   0|    2|           1|           1|
    |and_ln585_3_fu_733_p2        |    and   |      0|   0|    2|           1|           1|
    |and_ln585_fu_591_p2          |    and   |      0|   0|    2|           1|           1|
    |and_ln603_1_fu_758_p2        |    and   |      0|   0|    2|           1|           1|
    |and_ln603_fu_630_p2          |    and   |      0|   0|    2|           1|           1|
    |and_ln949_1_fu_4395_p2       |    and   |      0|   0|    2|           1|           1|
    |and_ln949_fu_4173_p2         |    and   |      0|   0|    2|           1|           1|
    |p_Result_13_fu_4351_p2       |    and   |      0|   0|   27|          27|          27|
    |p_Result_8_fu_4129_p2        |    and   |      0|   0|   27|          27|          27|
    |ashr_ln586_1_fu_653_p2       |   ashr   |      0|   0|  162|          54|          54|
    |ashr_ln586_fu_525_p2         |   ashr   |      0|   0|  162|          54|          54|
    |l_1_fu_4233_p3               |   cttz   |      0|  40|   36|          32|           0|
    |l_fu_4058_p3                 |   cttz   |      0|  40|   36|          32|           0|
    |icmp_ln1494_10_fu_2657_p2    |   icmp   |      0|   0|   18|          27|           1|
    |icmp_ln1494_11_fu_2856_p2    |   icmp   |      0|   0|   18|          27|           1|
    |icmp_ln1494_12_fu_3055_p2    |   icmp   |      0|   0|   18|          27|           1|
    |icmp_ln1494_13_fu_3254_p2    |   icmp   |      0|   0|   18|          27|           1|
    |icmp_ln1494_14_fu_3453_p2    |   icmp   |      0|   0|   18|          27|           1|
    |icmp_ln1494_15_fu_3652_p2    |   icmp   |      0|   0|   18|          27|           1|
    |icmp_ln1494_16_fu_3851_p2    |   icmp   |      0|   0|   18|          27|           1|
    |icmp_ln1494_1_fu_879_p2      |   icmp   |      0|   0|   18|          27|           1|
    |icmp_ln1494_2_fu_1065_p2     |   icmp   |      0|   0|   18|          27|           1|
    |icmp_ln1494_3_fu_1264_p2     |   icmp   |      0|   0|   18|          27|           1|
    |icmp_ln1494_4_fu_1463_p2     |   icmp   |      0|   0|   18|          27|           1|
    |icmp_ln1494_5_fu_1662_p2     |   icmp   |      0|   0|   18|          27|           1|
    |icmp_ln1494_6_fu_1861_p2     |   icmp   |      0|   0|   18|          27|           1|
    |icmp_ln1494_7_fu_2060_p2     |   icmp   |      0|   0|   18|          27|           1|
    |icmp_ln1494_8_fu_2259_p2     |   icmp   |      0|   0|   18|          27|           1|
    |icmp_ln1494_9_fu_2458_p2     |   icmp   |      0|   0|   18|          27|           1|
    |icmp_ln1494_fu_800_p2        |   icmp   |      0|   0|   18|          27|           1|
    |icmp_ln571_1_fu_460_p2       |   icmp   |      0|   0|   29|          63|           1|
    |icmp_ln571_fu_352_p2         |   icmp   |      0|   0|   29|          63|           1|
    |icmp_ln581_1_fu_472_p2       |   icmp   |      0|   0|   13|          12|           5|
    |icmp_ln581_fu_364_p2         |   icmp   |      0|   0|   13|          12|           5|
    |icmp_ln582_1_fu_498_p2       |   icmp   |      0|   0|   13|          12|           5|
    |icmp_ln582_fu_390_p2         |   icmp   |      0|   0|   13|          12|           5|
    |icmp_ln585_1_fu_639_p2       |   icmp   |      0|   0|   13|          12|           6|
    |icmp_ln585_fu_511_p2         |   icmp   |      0|   0|   13|          12|           6|
    |icmp_ln603_1_fu_644_p2       |   icmp   |      0|   0|   13|          12|           5|
    |icmp_ln603_fu_516_p2         |   icmp   |      0|   0|   13|          12|           5|
    |icmp_ln935_1_fu_4199_p2      |   icmp   |      0|   0|   18|          27|           1|
    |icmp_ln935_fu_4020_p2        |   icmp   |      0|   0|   18|          27|           1|
    |icmp_ln947_1_fu_4134_p2      |   icmp   |      0|   0|   18|          27|           1|
    |icmp_ln947_2_fu_4325_p2      |   icmp   |      0|   0|   18|          31|           1|
    |icmp_ln947_3_fu_4356_p2      |   icmp   |      0|   0|   18|          27|           1|
    |icmp_ln947_fu_4103_p2        |   icmp   |      0|   0|   18|          31|           1|
    |icmp_ln958_1_fu_4415_p2      |   icmp   |      0|   0|   18|          32|           1|
    |icmp_ln958_fu_4193_p2        |   icmp   |      0|   0|   18|          32|           1|
    |lshr_ln947_1_fu_4345_p2      |   lshr   |      0|   0|   81|           2|          27|
    |lshr_ln947_fu_4123_p2        |   lshr   |      0|   0|   81|           2|          27|
    |lshr_ln958_1_fu_4481_p2      |   lshr   |      0|   0|  101|          32|          32|
    |lshr_ln958_fu_4253_p2        |   lshr   |      0|   0|  101|          32|          32|
    |ap_block_state1              |    or    |      0|   0|    2|           1|           1|
    |or_ln1494_fu_840_p2          |    or    |      0|   0|    2|           1|           1|
    |or_ln581_1_fu_747_p2         |    or    |      0|   0|    2|           1|           1|
    |or_ln581_fu_619_p2           |    or    |      0|   0|    2|           1|           1|
    |or_ln582_1_fu_698_p2         |    or    |      0|   0|    2|           1|           1|
    |or_ln582_fu_570_p2           |    or    |      0|   0|    2|           1|           1|
    |or_ln949_2_fu_4179_p2        |    or    |      0|   0|    2|           1|           1|
    |or_ln949_fu_4401_p2          |    or    |      0|   0|    2|           1|           1|
    |m_10_fu_4498_p3              |  select  |      0|   0|   32|           1|          32|
    |m_1_fu_4270_p3               |  select  |      0|   0|   32|           1|          32|
    |man_V_2_fu_344_p3            |  select  |      0|   0|   54|           1|          54|
    |man_V_5_fu_452_p3            |  select  |      0|   0|   54|           1|          54|
    |r                            |  select  |      0|   0|   32|           1|           1|
    |select_ln1494_10_fu_1450_p3  |  select  |      0|   0|   27|           1|          27|
    |select_ln1494_11_fu_1623_p3  |  select  |      0|   0|   27|           1|          27|
    |select_ln1494_12_fu_1636_p3  |  select  |      0|   0|   27|           1|          27|
    |select_ln1494_13_fu_1649_p3  |  select  |      0|   0|   27|           1|          27|
    |select_ln1494_14_fu_1822_p3  |  select  |      0|   0|   27|           1|          27|
    |select_ln1494_15_fu_1835_p3  |  select  |      0|   0|   27|           1|          27|
    |select_ln1494_16_fu_1848_p3  |  select  |      0|   0|   27|           1|          27|
    |select_ln1494_17_fu_2021_p3  |  select  |      0|   0|   27|           1|          27|
    |select_ln1494_18_fu_2034_p3  |  select  |      0|   0|   27|           1|          27|
    |select_ln1494_19_fu_2047_p3  |  select  |      0|   0|   27|           1|          27|
    |select_ln1494_1_fu_846_p3    |  select  |      0|   0|   26|           1|          26|
    |select_ln1494_20_fu_2220_p3  |  select  |      0|   0|   27|           1|          27|
    |select_ln1494_21_fu_2233_p3  |  select  |      0|   0|   27|           1|          27|
    |select_ln1494_22_fu_2246_p3  |  select  |      0|   0|   27|           1|          27|
    |select_ln1494_23_fu_2419_p3  |  select  |      0|   0|   27|           1|          27|
    |select_ln1494_24_fu_2432_p3  |  select  |      0|   0|   27|           1|          27|
    |select_ln1494_25_fu_2445_p3  |  select  |      0|   0|   27|           1|          27|
    |select_ln1494_26_fu_2618_p3  |  select  |      0|   0|   27|           1|          27|
    |select_ln1494_27_fu_2631_p3  |  select  |      0|   0|   27|           1|          27|
    |select_ln1494_28_fu_2644_p3  |  select  |      0|   0|   27|           1|          27|
    |select_ln1494_29_fu_2817_p3  |  select  |      0|   0|   27|           1|          27|
    |select_ln1494_2_fu_1005_p3   |  select  |      0|   0|   27|           1|          27|
    |select_ln1494_30_fu_2830_p3  |  select  |      0|   0|   27|           1|          27|
    |select_ln1494_31_fu_2843_p3  |  select  |      0|   0|   27|           1|          27|
    |select_ln1494_32_fu_3016_p3  |  select  |      0|   0|   27|           1|          27|
    |select_ln1494_33_fu_3029_p3  |  select  |      0|   0|   27|           1|          27|
    |select_ln1494_34_fu_3042_p3  |  select  |      0|   0|   27|           1|          27|
    |select_ln1494_35_fu_3215_p3  |  select  |      0|   0|   27|           1|          27|
    |select_ln1494_36_fu_3228_p3  |  select  |      0|   0|   27|           1|          27|
    |select_ln1494_37_fu_3241_p3  |  select  |      0|   0|   27|           1|          27|
    |select_ln1494_38_fu_3414_p3  |  select  |      0|   0|   27|           1|          27|
    |select_ln1494_39_fu_3427_p3  |  select  |      0|   0|   27|           1|          27|
    |select_ln1494_3_fu_1033_p3   |  select  |      0|   0|   27|           1|          27|
    |select_ln1494_40_fu_3440_p3  |  select  |      0|   0|   27|           1|          27|
    |select_ln1494_41_fu_3613_p3  |  select  |      0|   0|   27|           1|          27|
    |select_ln1494_42_fu_3626_p3  |  select  |      0|   0|   27|           1|          27|
    |select_ln1494_43_fu_3639_p3  |  select  |      0|   0|   27|           1|          27|
    |select_ln1494_44_fu_3812_p3  |  select  |      0|   0|   27|           1|          27|
    |select_ln1494_45_fu_3825_p3  |  select  |      0|   0|   27|           1|          27|
    |select_ln1494_46_fu_3838_p3  |  select  |      0|   0|   27|           1|          27|
    |select_ln1494_47_fu_3945_p3  |  select  |      0|   0|   27|           1|          27|
    |select_ln1494_48_fu_3973_p3  |  select  |      0|   0|   27|           1|          27|
    |select_ln1494_4_fu_1049_p3   |  select  |      0|   0|   27|           1|          27|
    |select_ln1494_5_fu_1225_p3   |  select  |      0|   0|   27|           1|          27|
    |select_ln1494_6_fu_1238_p3   |  select  |      0|   0|   27|           1|          27|
    |select_ln1494_7_fu_1251_p3   |  select  |      0|   0|   27|           1|          27|
    |select_ln1494_8_fu_1424_p3   |  select  |      0|   0|   27|           1|          27|
    |select_ln1494_9_fu_1437_p3   |  select  |      0|   0|   27|           1|          27|
    |select_ln1494_fu_832_p3      |  select  |      0|   0|   26|           1|          25|
    |select_ln1495_10_fu_1642_p3  |  select  |      0|   0|   27|           1|          27|
    |select_ln1495_11_fu_1655_p3  |  select  |      0|   0|   27|           1|          27|
    |select_ln1495_12_fu_1828_p3  |  select  |      0|   0|   27|           1|          27|
    |select_ln1495_13_fu_1841_p3  |  select  |      0|   0|   27|           1|          27|
    |select_ln1495_14_fu_1854_p3  |  select  |      0|   0|   27|           1|          27|
    |select_ln1495_15_fu_2027_p3  |  select  |      0|   0|   27|           1|          27|
    |select_ln1495_16_fu_2040_p3  |  select  |      0|   0|   27|           1|          27|
    |select_ln1495_17_fu_2053_p3  |  select  |      0|   0|   27|           1|          27|
    |select_ln1495_18_fu_2226_p3  |  select  |      0|   0|   27|           1|          27|
    |select_ln1495_19_fu_2239_p3  |  select  |      0|   0|   27|           1|          27|
    |select_ln1495_1_fu_1041_p3   |  select  |      0|   0|   27|           1|          27|
    |select_ln1495_20_fu_2252_p3  |  select  |      0|   0|   27|           1|          27|
    |select_ln1495_21_fu_2425_p3  |  select  |      0|   0|   27|           1|          27|
    |select_ln1495_22_fu_2438_p3  |  select  |      0|   0|   27|           1|          27|
    |select_ln1495_23_fu_2451_p3  |  select  |      0|   0|   27|           1|          27|
    |select_ln1495_24_fu_2624_p3  |  select  |      0|   0|   27|           1|          27|
    |select_ln1495_25_fu_2637_p3  |  select  |      0|   0|   27|           1|          27|
    |select_ln1495_26_fu_2650_p3  |  select  |      0|   0|   27|           1|          27|
    |select_ln1495_27_fu_2823_p3  |  select  |      0|   0|   27|           1|          27|
    |select_ln1495_28_fu_2836_p3  |  select  |      0|   0|   27|           1|          27|
    |select_ln1495_29_fu_2849_p3  |  select  |      0|   0|   27|           1|          27|
    |select_ln1495_2_fu_1057_p3   |  select  |      0|   0|   27|           1|          27|
    |select_ln1495_30_fu_3022_p3  |  select  |      0|   0|   27|           1|          27|
    |select_ln1495_31_fu_3035_p3  |  select  |      0|   0|   27|           1|          27|
    |select_ln1495_32_fu_3048_p3  |  select  |      0|   0|   27|           1|          27|
    |select_ln1495_33_fu_3221_p3  |  select  |      0|   0|   27|           1|          27|
    |select_ln1495_34_fu_3234_p3  |  select  |      0|   0|   27|           1|          27|
    |select_ln1495_35_fu_3247_p3  |  select  |      0|   0|   27|           1|          27|
    |select_ln1495_36_fu_3420_p3  |  select  |      0|   0|   27|           1|          27|
    |select_ln1495_37_fu_3433_p3  |  select  |      0|   0|   27|           1|          27|
    |select_ln1495_38_fu_3446_p3  |  select  |      0|   0|   27|           1|          27|
    |select_ln1495_39_fu_3619_p3  |  select  |      0|   0|   27|           1|          27|
    |select_ln1495_3_fu_1231_p3   |  select  |      0|   0|   27|           1|          27|
    |select_ln1495_40_fu_3632_p3  |  select  |      0|   0|   27|           1|          27|
    |select_ln1495_41_fu_3645_p3  |  select  |      0|   0|   27|           1|          27|
    |select_ln1495_42_fu_3818_p3  |  select  |      0|   0|   27|           1|          27|
    |select_ln1495_43_fu_3831_p3  |  select  |      0|   0|   27|           1|          27|
    |select_ln1495_44_fu_3844_p3  |  select  |      0|   0|   27|           1|          27|
    |select_ln1495_45_fu_3965_p3  |  select  |      0|   0|   27|           1|          27|
    |select_ln1495_46_fu_3981_p3  |  select  |      0|   0|   27|           1|          27|
    |select_ln1495_4_fu_1244_p3   |  select  |      0|   0|   27|           1|          27|
    |select_ln1495_5_fu_1257_p3   |  select  |      0|   0|   27|           1|          27|
    |select_ln1495_6_fu_1430_p3   |  select  |      0|   0|   27|           1|          27|
    |select_ln1495_7_fu_1443_p3   |  select  |      0|   0|   27|           1|          27|
    |select_ln1495_8_fu_1456_p3   |  select  |      0|   0|   27|           1|          27|
    |select_ln1495_9_fu_1629_p3   |  select  |      0|   0|   27|           1|          27|
    |select_ln1495_fu_1025_p3     |  select  |      0|   0|   27|           1|          27|
    |select_ln582_1_fu_691_p3     |  select  |      0|   0|   27|           1|          27|
    |select_ln582_fu_563_p3       |  select  |      0|   0|   27|           1|          27|
    |select_ln585_1_fu_611_p3     |  select  |      0|   0|   27|           1|          27|
    |select_ln585_2_fu_725_p3     |  select  |      0|   0|   27|           1|          27|
    |select_ln585_3_fu_739_p3     |  select  |      0|   0|   27|           1|          27|
    |select_ln585_fu_597_p3       |  select  |      0|   0|   27|           1|          27|
    |select_ln588_1_fu_673_p3     |  select  |      0|   0|    2|           1|           2|
    |select_ln588_fu_545_p3       |  select  |      0|   0|    2|           1|           2|
    |select_ln964_1_fu_4531_p3    |  select  |      0|   0|    7|           1|           7|
    |select_ln964_fu_4424_p3      |  select  |      0|   0|    7|           1|           7|
    |sh_amt_1_fu_490_p3           |  select  |      0|   0|   12|           1|          12|
    |sh_amt_fu_382_p3             |  select  |      0|   0|   12|           1|          12|
    |theta                        |  select  |      0|   0|   32|           1|           1|
    |tmp_V_5_fu_4030_p3           |  select  |      0|   0|   26|           1|          26|
    |tmp_V_6_fu_4209_p3           |  select  |      0|   0|   27|           1|          27|
    |xfix_V_3_fu_854_p3           |  select  |      0|   0|   27|           1|          27|
    |xfix_V_4_fu_859_p3           |  select  |      0|   0|   27|           1|          27|
    |xfix_V_5_fu_772_p3           |  select  |      0|   0|   27|           1|          27|
    |yfix_V_3_fu_865_p3           |  select  |      0|   0|   27|           1|          27|
    |yfix_V_4_fu_870_p3           |  select  |      0|   0|   27|           1|          27|
    |yfix_V_5_fu_786_p3           |  select  |      0|   0|   27|           1|          27|
    |shl_ln604_1_fu_781_p2        |    shl   |      0|   0|   81|          27|          27|
    |shl_ln604_fu_767_p2          |    shl   |      0|   0|   81|          27|          27|
    |shl_ln958_1_fu_4492_p2       |    shl   |      0|   0|  101|          32|          32|
    |shl_ln958_fu_4264_p2         |    shl   |      0|   0|  101|          32|          32|
    |xor_ln1494_10_fu_2870_p2     |    xor   |      0|   0|    2|           1|           2|
    |xor_ln1494_11_fu_3069_p2     |    xor   |      0|   0|    2|           1|           2|
    |xor_ln1494_12_fu_3268_p2     |    xor   |      0|   0|    2|           1|           2|
    |xor_ln1494_13_fu_3467_p2     |    xor   |      0|   0|    2|           1|           2|
    |xor_ln1494_14_fu_3666_p2     |    xor   |      0|   0|    2|           1|           2|
    |xor_ln1494_15_fu_3953_p2     |    xor   |      0|   0|    2|           1|           2|
    |xor_ln1494_1_fu_1079_p2      |    xor   |      0|   0|    2|           1|           2|
    |xor_ln1494_2_fu_1278_p2      |    xor   |      0|   0|    2|           1|           2|
    |xor_ln1494_3_fu_1477_p2      |    xor   |      0|   0|    2|           1|           2|
    |xor_ln1494_4_fu_1676_p2      |    xor   |      0|   0|    2|           1|           2|
    |xor_ln1494_5_fu_1875_p2      |    xor   |      0|   0|    2|           1|           2|
    |xor_ln1494_6_fu_2074_p2      |    xor   |      0|   0|    2|           1|           2|
    |xor_ln1494_7_fu_2273_p2      |    xor   |      0|   0|    2|           1|           2|
    |xor_ln1494_8_fu_2472_p2      |    xor   |      0|   0|    2|           1|           2|
    |xor_ln1494_9_fu_2671_p2      |    xor   |      0|   0|    2|           1|           2|
    |xor_ln1494_fu_1013_p2        |    xor   |      0|   0|    2|           1|           2|
    |xor_ln571_1_fu_681_p2        |    xor   |      0|   0|    2|           1|           2|
    |xor_ln571_fu_553_p2          |    xor   |      0|   0|    2|           1|           2|
    |xor_ln581_1_fu_752_p2        |    xor   |      0|   0|    2|           1|           2|
    |xor_ln581_fu_624_p2          |    xor   |      0|   0|    2|           1|           2|
    |xor_ln582_1_fu_702_p2        |    xor   |      0|   0|    2|           1|           2|
    |xor_ln582_fu_574_p2          |    xor   |      0|   0|    2|           1|           2|
    |xor_ln585_1_fu_713_p2        |    xor   |      0|   0|    2|           1|           2|
    |xor_ln585_fu_585_p2          |    xor   |      0|   0|    2|           1|           2|
    |xor_ln949_1_fu_4376_p2       |    xor   |      0|   0|    2|           1|           2|
    |xor_ln949_fu_4154_p2         |    xor   |      0|   0|    2|           1|           2|
    +-----------------------------+----------+-------+----+-----+------------+------------+
    |Total                        |          |      2|  80|10934|        5640|        8692|
    +-----------------------------+----------+-------+----+-----+------------+------------+

    * Multiplexer: 
    +-----------------+-----+-----------+-----+-----------+
    |       Name      | LUT | Input Size| Bits| Total Bits|
    +-----------------+-----+-----------+-----+-----------+
    |ap_NS_fsm        |  117|         25|    1|         25|
    |x_ap_vld_in_sig  |    9|          2|    1|          2|
    |x_ap_vld_preg    |    9|          2|    1|          2|
    |x_blk_n          |    9|          2|    1|          2|
    |x_in_sig         |    9|          2|   32|         64|
    |y_ap_vld_in_sig  |    9|          2|    1|          2|
    |y_ap_vld_preg    |    9|          2|    1|          2|
    |y_blk_n          |    9|          2|    1|          2|
    |y_in_sig         |    9|          2|   32|         64|
    +-----------------+-----+-----------+-----+-----------+
    |Total            |  189|         41|   71|        165|
    +-----------------+-----+-----------+-----+-----------+

    * Register: 
    +---------------------------+----+----+-----+-----------+
    |            Name           | FF | LUT| Bits| Const Bits|
    +---------------------------+----+----+-----+-----------+
    |and_ln1494_reg_4722        |   1|   0|    1|          0|
    |and_ln1495_10_reg_5076     |   1|   0|    1|          0|
    |and_ln1495_11_reg_5111     |   1|   0|    1|          0|
    |and_ln1495_12_reg_5146     |   1|   0|    1|          0|
    |and_ln1495_13_reg_5181     |   1|   0|    1|          0|
    |and_ln1495_14_reg_5216     |   1|   0|    1|          0|
    |and_ln1495_1_reg_4761      |   1|   0|    1|          0|
    |and_ln1495_2_reg_4796      |   1|   0|    1|          0|
    |and_ln1495_3_reg_4831      |   1|   0|    1|          0|
    |and_ln1495_4_reg_4866      |   1|   0|    1|          0|
    |and_ln1495_5_reg_4901      |   1|   0|    1|          0|
    |and_ln1495_6_reg_4936      |   1|   0|    1|          0|
    |and_ln1495_7_reg_4971      |   1|   0|    1|          0|
    |and_ln1495_8_reg_5006      |   1|   0|    1|          0|
    |and_ln1495_9_reg_5041      |   1|   0|    1|          0|
    |and_ln603_1_reg_4689       |   1|   0|    1|          0|
    |and_ln603_reg_4674         |   1|   0|    1|          0|
    |ap_CS_fsm                  |  24|   0|   24|          0|
    |icmp_ln1494_10_reg_5034    |   1|   0|    1|          0|
    |icmp_ln1494_11_reg_5069    |   1|   0|    1|          0|
    |icmp_ln1494_12_reg_5104    |   1|   0|    1|          0|
    |icmp_ln1494_13_reg_5139    |   1|   0|    1|          0|
    |icmp_ln1494_14_reg_5174    |   1|   0|    1|          0|
    |icmp_ln1494_15_reg_5209    |   1|   0|    1|          0|
    |icmp_ln1494_2_reg_4754     |   1|   0|    1|          0|
    |icmp_ln1494_3_reg_4789     |   1|   0|    1|          0|
    |icmp_ln1494_4_reg_4824     |   1|   0|    1|          0|
    |icmp_ln1494_5_reg_4859     |   1|   0|    1|          0|
    |icmp_ln1494_6_reg_4894     |   1|   0|    1|          0|
    |icmp_ln1494_7_reg_4929     |   1|   0|    1|          0|
    |icmp_ln1494_8_reg_4964     |   1|   0|    1|          0|
    |icmp_ln1494_9_reg_4999     |   1|   0|    1|          0|
    |icmp_ln571_1_reg_4633      |   1|   0|    1|          0|
    |icmp_ln571_reg_4597        |   1|   0|    1|          0|
    |icmp_ln581_1_reg_4639      |   1|   0|    1|          0|
    |icmp_ln581_reg_4603        |   1|   0|    1|          0|
    |icmp_ln582_1_reg_4652      |   1|   0|    1|          0|
    |icmp_ln582_reg_4616        |   1|   0|    1|          0|
    |icmp_ln935_1_reg_5300      |   1|   0|    1|          0|
    |icmp_ln935_reg_5252        |   1|   0|    1|          0|
    |icmp_ln958_1_reg_5343      |   1|   0|    1|          0|
    |icmp_ln958_reg_5295        |   1|   0|    1|          0|
    |l_1_reg_5312               |  32|   0|   32|          0|
    |l_reg_5268                 |  32|   0|   32|          0|
    |m_3_reg_5348               |  31|   0|   31|          0|
    |m_s_reg_5322               |  31|   0|   31|          0|
    |man_V_2_reg_4592           |  54|   0|   54|          0|
    |man_V_5_reg_4628           |  54|   0|   54|          0|
    |or_ln949_1_reg_5338        |   1|   0|   32|         31|
    |or_ln_reg_5290             |   1|   0|   32|         31|
    |p_Result_20_reg_5239       |   1|   0|    1|          0|
    |p_Result_23_reg_5278       |   1|   0|    1|          0|
    |select_ln1494_1_reg_4728   |  26|   0|   26|          0|
    |select_ln1495_10_reg_4845  |  27|   0|   27|          0|
    |select_ln1495_11_reg_4852  |  27|   0|   27|          0|
    |select_ln1495_12_reg_4873  |  27|   0|   27|          0|
    |select_ln1495_13_reg_4880  |  27|   0|   27|          0|
    |select_ln1495_14_reg_4887  |  27|   0|   27|          0|
    |select_ln1495_15_reg_4908  |  27|   0|   27|          0|
    |select_ln1495_16_reg_4915  |  27|   0|   27|          0|
    |select_ln1495_17_reg_4922  |  27|   0|   27|          0|
    |select_ln1495_18_reg_4943  |  27|   0|   27|          0|
    |select_ln1495_19_reg_4950  |  27|   0|   27|          0|
    |select_ln1495_1_reg_4740   |  27|   0|   27|          0|
    |select_ln1495_20_reg_4957  |  27|   0|   27|          0|
    |select_ln1495_21_reg_4978  |  27|   0|   27|          0|
    |select_ln1495_22_reg_4985  |  27|   0|   27|          0|
    |select_ln1495_23_reg_4992  |  27|   0|   27|          0|
    |select_ln1495_24_reg_5013  |  27|   0|   27|          0|
    |select_ln1495_25_reg_5020  |  27|   0|   27|          0|
    |select_ln1495_26_reg_5027  |  27|   0|   27|          0|
    |select_ln1495_27_reg_5048  |  27|   0|   27|          0|
    |select_ln1495_28_reg_5055  |  27|   0|   27|          0|
    |select_ln1495_29_reg_5062  |  27|   0|   27|          0|
    |select_ln1495_2_reg_4747   |  27|   0|   27|          0|
    |select_ln1495_30_reg_5083  |  27|   0|   27|          0|
    |select_ln1495_31_reg_5090  |  27|   0|   27|          0|
    |select_ln1495_32_reg_5097  |  27|   0|   27|          0|
    |select_ln1495_33_reg_5118  |  27|   0|   27|          0|
    |select_ln1495_34_reg_5125  |  27|   0|   27|          0|
    |select_ln1495_35_reg_5132  |  27|   0|   27|          0|
    |select_ln1495_36_reg_5153  |  27|   0|   27|          0|
    |select_ln1495_37_reg_5160  |  27|   0|   27|          0|
    |select_ln1495_38_reg_5167  |  27|   0|   27|          0|
    |select_ln1495_39_reg_5188  |  27|   0|   27|          0|
    |select_ln1495_3_reg_4768   |  27|   0|   27|          0|
    |select_ln1495_40_reg_5195  |  27|   0|   27|          0|
    |select_ln1495_41_reg_5202  |  27|   0|   27|          0|
    |select_ln1495_45_reg_5223  |  27|   0|   27|          0|
    |select_ln1495_46_reg_5228  |  27|   0|   27|          0|
    |select_ln1495_4_reg_4775   |  27|   0|   27|          0|
    |select_ln1495_5_reg_4782   |  27|   0|   27|          0|
    |select_ln1495_6_reg_4803   |  27|   0|   27|          0|
    |select_ln1495_7_reg_4810   |  27|   0|   27|          0|
    |select_ln1495_8_reg_4817   |  27|   0|   27|          0|
    |select_ln1495_9_reg_4838   |  27|   0|   27|          0|
    |select_ln1495_reg_4733     |  27|   0|   27|          0|
    |select_ln585_1_reg_4669    |  27|   0|   27|          0|
    |select_ln585_3_reg_4684    |  27|   0|   27|          0|
    |sext_ln581_1_reg_4679      |  32|   0|   32|          0|
    |sext_ln581_reg_4664        |  32|   0|   32|          0|
    |sh_amt_1_reg_4645          |  12|   0|   12|          0|
    |sh_amt_reg_4609            |  12|   0|   12|          0|
    |sub_ln944_1_reg_5332       |  32|   0|   32|          0|
    |sub_ln944_reg_5284         |  32|   0|   32|          0|
    |tmp_29_reg_5327            |   1|   0|    1|          0|
    |tmp_33_reg_5353            |   1|   0|    1|          0|
    |tmp_8_reg_4706             |   1|   0|    1|          0|
    |tmp_V_4_reg_5245           |  27|   0|   27|          0|
    |tmp_V_5_reg_5257           |  26|   0|   26|          0|
    |tmp_V_6_reg_5305           |  27|   0|   27|          0|
    |trunc_ln1118_reg_5233      |  26|   0|   26|          0|
    |trunc_ln583_1_reg_4658     |  27|   0|   27|          0|
    |trunc_ln583_reg_4622       |  27|   0|   27|          0|
    |trunc_ln943_1_reg_5317     |   8|   0|    8|          0|
    |trunc_ln943_reg_5273       |   8|   0|    8|          0|
    |x_ap_vld_preg              |   1|   0|    1|          0|
    |x_preg                     |  32|   0|   32|          0|
    |xfix_V_5_reg_4694          |  27|   0|   27|          0|
    |xfix_V_reg_4717            |  27|   0|   27|          0|
    |y_ap_vld_preg              |   1|   0|    1|          0|
    |y_preg                     |  32|   0|   32|          0|
    |yfix_V_5_reg_4700          |  27|   0|   27|          0|
    |yfix_V_reg_4712            |  27|   0|   27|          0|
    |zext_ln938_reg_5262        |  26|   0|   27|          1|
    +---------------------------+----+----+-----+-----------+
    |Total                      |2102|   0| 2165|         63|
    +---------------------------+----+----+-----+-----------+



================================================================
== Interface
================================================================
* Summary: 
+--------------+-----+-----+------------+----------------+--------------+
|   RTL Ports  | Dir | Bits|  Protocol  |  Source Object |    C Type    |
+--------------+-----+-----+------------+----------------+--------------+
|ap_clk        |  in |    1| ap_ctrl_hs | cordiccart2pol | return value |
|ap_rst        |  in |    1| ap_ctrl_hs | cordiccart2pol | return value |
|ap_start      |  in |    1| ap_ctrl_hs | cordiccart2pol | return value |
|ap_done       | out |    1| ap_ctrl_hs | cordiccart2pol | return value |
|ap_idle       | out |    1| ap_ctrl_hs | cordiccart2pol | return value |
|ap_ready      | out |    1| ap_ctrl_hs | cordiccart2pol | return value |
|x             |  in |   32|   ap_vld   |        x       |    scalar    |
|x_ap_vld      |  in |    1|   ap_vld   |        x       |    scalar    |
|y             |  in |   32|   ap_vld   |        y       |    scalar    |
|y_ap_vld      |  in |    1|   ap_vld   |        y       |    scalar    |
|r             | out |   32|   ap_vld   |        r       |    pointer   |
|r_ap_vld      | out |    1|   ap_vld   |        r       |    pointer   |
|theta         | out |   32|   ap_vld   |      theta     |    pointer   |
|theta_ap_vld  | out |    1|   ap_vld   |      theta     |    pointer   |
+--------------+-----+-----+------------+----------------+--------------+

