

================================================================
== Vivado HLS Report for 'fir'
================================================================
* Date:           Sun Oct 11 21:59:27 2020

* Version:        2020.1 (Build 2897737 on Wed May 27 20:21:37 MDT 2020)
* Project:        baseline
* Solution:       solution1
* Product family: zynq
* Target device:  xc7z020-clg400-1


================================================================
== Performance Estimates
================================================================
+ Timing: 
    * Summary: 
    +--------+----------+----------+------------+
    |  Clock |  Target  | Estimated| Uncertainty|
    +--------+----------+----------+------------+
    |ap_clk  | 10.00 ns | 8.510 ns |   1.25 ns  |
    +--------+----------+----------+------------+

+ Latency: 
    * Summary: 
    +---------+---------+----------+----------+-----+-----+---------+
    |  Latency (cycles) |  Latency (absolute) |  Interval | Pipeline|
    |   min   |   max   |    min   |    max   | min | max |   Type  |
    +---------+---------+----------+----------+-----+-----+---------+
    |      257|      513| 2.570 us | 5.130 us |  257|  513|   none  |
    +---------+---------+----------+----------+-----+-----+---------+

    + Detail: 
        * Instance: 
        N/A

        * Loop: 
        +---------------------+---------+---------+----------+-----------+-----------+------+----------+
        |                     |  Latency (cycles) | Iteration|  Initiation Interval  | Trip |          |
        |      Loop Name      |   min   |   max   |  Latency |  achieved |   target  | Count| Pipelined|
        +---------------------+---------+---------+----------+-----------+-----------+------+----------+
        |- shift_accum_loop1  |      256|      512|   2 ~ 4  |          -|          -|   128|    no    |
        +---------------------+---------+---------+----------+-----------+-----------+------+----------+



================================================================
== Utilization Estimates
================================================================
* Summary: 
+-----------------+---------+-------+--------+-------+-----+
|       Name      | BRAM_18K| DSP48E|   FF   |  LUT  | URAM|
+-----------------+---------+-------+--------+-------+-----+
|DSP              |        -|      -|       -|      -|    -|
|Expression       |        -|      2|       0|    126|    -|
|FIFO             |        -|      -|       -|      -|    -|
|Instance         |        -|      -|       -|      -|    -|
|Memory           |        1|      -|       5|     10|    0|
|Multiplexer      |        -|      -|       -|    156|    -|
|Register         |        -|      -|     243|      -|    -|
+-----------------+---------+-------+--------+-------+-----+
|Total            |        1|      2|     248|    292|    0|
+-----------------+---------+-------+--------+-------+-----+
|Available        |      280|    220|  106400|  53200|    0|
+-----------------+---------+-------+--------+-------+-----+
|Utilization (%)  |    ~0   |   ~0  |   ~0   |   ~0  |    0|
+-----------------+---------+-------+--------+-------+-----+

+ Detail: 
    * Instance: 
    N/A

    * DSP48E: 
    N/A

    * Memory: 
    +--------------+----------------+---------+---+----+-----+------+-----+------+-------------+
    |    Memory    |     Module     | BRAM_18K| FF| LUT| URAM| Words| Bits| Banks| W*Bits*Banks|
    +--------------+----------------+---------+---+----+-----+------+-----+------+-------------+
    |c_U           |fir_c           |        0|  5|  10|    0|   128|    5|     1|          640|
    |delay_line_U  |fir_delay_line  |        1|  0|   0|    0|   128|   32|     1|         4096|
    +--------------+----------------+---------+---+----+-----+------+-----+------+-------------+
    |Total         |                |        1|  5|  10|    0|   256|   37|     2|         4736|
    +--------------+----------------+---------+---+----+-----+------+-----+------+-------------+

    * FIFO: 
    N/A

    * Expression: 
    +---------------------+----------+-------+---+----+------------+------------+
    |    Variable Name    | Operation| DSP48E| FF| LUT| Bitwidth P0| Bitwidth P1|
    +---------------------+----------+-------+---+----+------------+------------+
    |mul_ln33_fu_191_p2   |     *    |      2|  0|  20|          32|           5|
    |add_ln29_fu_154_p2   |     +    |      0|  0|  39|          32|          32|
    |data_fu_196_p2       |     +    |      0|  0|  39|          32|          32|
    |grp_fu_135_p2        |     +    |      0|  0|  15|           8|           2|
    |icmp_ln27_fu_172_p2  |   icmp   |      0|  0|  11|           8|           1|
    |ap_block_state1      |    or    |      0|  0|   2|           1|           1|
    +---------------------+----------+-------+---+----+------------+------------+
    |Total                |          |      2|  0| 126|         113|          73|
    +---------------------+----------+-------+---+----+------------+------------+

    * Multiplexer: 
    +-------------------------------+----+-----------+-----+-----------+
    |              Name             | LUT| Input Size| Bits| Total Bits|
    +-------------------------------+----+-----------+-----+-----------+
    |ap_NS_fsm                      |  33|          6|    1|          6|
    |ap_phi_mux_p_pn_phi_fu_129_p4  |   9|          2|   32|         64|
    |data_0_reg_101                 |   9|          2|   32|         64|
    |delay_line_address0            |  21|          4|    7|         28|
    |delay_line_d0                  |  15|          3|   32|         96|
    |grp_fu_135_p0                  |  15|          3|    8|         24|
    |i1_0_reg_114                   |   9|          2|    8|         16|
    |p_pn_reg_126                   |   9|          2|   32|         64|
    |x_ap_vld_in_sig                |   9|          2|    1|          2|
    |x_ap_vld_preg                  |   9|          2|    1|          2|
    |x_blk_n                        |   9|          2|    1|          2|
    |x_in_sig                       |   9|          2|   32|         64|
    +-------------------------------+----+-----------+-----+-----------+
    |Total                          | 156|         32|  187|        432|
    +-------------------------------+----+-----------+-----+-----------+

    * Register: 
    +-------------------------+----+----+-----+-----------+
    |           Name          | FF | LUT| Bits| Const Bits|
    +-------------------------+----+----+-----+-----------+
    |add_ln29_reg_207         |  31|   0|   32|          1|
    |ap_CS_fsm                |   5|   0|    5|          0|
    |c_load_reg_239           |   5|   0|    5|          0|
    |data_0_reg_101           |  32|   0|   32|          0|
    |delay_line_load_reg_234  |  32|   0|   32|          0|
    |i1_0_reg_114             |   8|   0|    8|          0|
    |icmp_ln27_reg_215        |   1|   0|    1|          0|
    |mul_ln33_reg_244         |  32|   0|   32|          0|
    |p_pn_reg_126             |  32|   0|   32|          0|
    |x_ap_vld_preg            |   1|   0|    1|          0|
    |x_preg                   |  32|   0|   32|          0|
    |zext_ln32_1_reg_224      |  32|   0|   64|         32|
    +-------------------------+----+----+-----+-----------+
    |Total                    | 243|   0|  276|         33|
    +-------------------------+----+----+-----+-----------+



================================================================
== Interface
================================================================
* Summary: 
+----------+-----+-----+------------+--------------+--------------+
| RTL Ports| Dir | Bits|  Protocol  | Source Object|    C Type    |
+----------+-----+-----+------------+--------------+--------------+
|ap_clk    |  in |    1| ap_ctrl_hs |      fir     | return value |
|ap_rst    |  in |    1| ap_ctrl_hs |      fir     | return value |
|ap_start  |  in |    1| ap_ctrl_hs |      fir     | return value |
|ap_done   | out |    1| ap_ctrl_hs |      fir     | return value |
|ap_idle   | out |    1| ap_ctrl_hs |      fir     | return value |
|ap_ready  | out |    1| ap_ctrl_hs |      fir     | return value |
|y         | out |   32|   ap_vld   |       y      |    pointer   |
|y_ap_vld  | out |    1|   ap_vld   |       y      |    pointer   |
|x         |  in |   32|   ap_vld   |       x      |    scalar    |
|x_ap_vld  |  in |    1|   ap_vld   |       x      |    scalar    |
+----------+-----+-----+------------+--------------+--------------+

