

================================================================
== Vivado HLS Report for 'dft'
================================================================
* Date:           Mon Nov  2 16:33:18 2020

* Version:        2020.1 (Build 2897737 on Wed May 27 20:21:37 MDT 2020)
* Project:        hls6
* Solution:       solution4
* Product family: zynq
* Target device:  xc7z020-clg484-1


================================================================
== Performance Estimates
================================================================
+ Timing: 
    * Summary: 
    +--------+----------+----------+------------+
    |  Clock |  Target  | Estimated| Uncertainty|
    +--------+----------+----------+------------+
    |ap_clk  | 10.00 ns | 8.442 ns |   1.25 ns  |
    +--------+----------+----------+------------+

+ Latency: 
    * Summary: 
    +---------+---------+----------+----------+--------+--------+---------+
    |  Latency (cycles) |  Latency (absolute) |     Interval    | Pipeline|
    |   min   |   max   |    min   |    max   |   min  |   max  |   Type  |
    +---------+---------+----------+----------+--------+--------+---------+
    |   377345|   377345| 3.773 ms | 3.773 ms |  377345|  377345|   none  |
    +---------+---------+----------+----------+--------+--------+---------+

    + Detail: 
        * Instance: 
        N/A

        * Loop: 
        +-------------+---------+---------+----------+-----------+-----------+------+----------+
        |             |  Latency (cycles) | Iteration|  Initiation Interval  | Trip |          |
        |  Loop Name  |   min   |   max   |  Latency |  achieved |   target  | Count| Pipelined|
        +-------------+---------+---------+----------+-----------+-----------+------+----------+
        |- Loop 1     |   377344|   377344|      1474|          -|          -|   256|    no    |
        | + Loop 1.1  |     1472|     1472|        92|          -|          -|    16|    no    |
        +-------------+---------+---------+----------+-----------+-----------+------+----------+



================================================================
== Utilization Estimates
================================================================
* Summary: 
+-----------------+---------+-------+--------+-------+-----+
|       Name      | BRAM_18K| DSP48E|   FF   |  LUT  | URAM|
+-----------------+---------+-------+--------+-------+-----+
|DSP              |        -|      -|       -|      -|    -|
|Expression       |        -|      0|       0|    832|    -|
|FIFO             |        -|      -|       -|      -|    -|
|Instance         |        -|     20|    1392|   2844|    -|
|Memory           |        2|      -|       0|      0|    -|
|Multiplexer      |        -|      -|       -|    870|    -|
|Register         |        -|      -|     610|      -|    -|
+-----------------+---------+-------+--------+-------+-----+
|Total            |        2|     20|    2002|   4546|    0|
+-----------------+---------+-------+--------+-------+-----+
|Available        |      280|    220|  106400|  53200|    0|
+-----------------+---------+-------+--------+-------+-----+
|Utilization (%)  |    ~0   |      9|       1|      8|    0|
+-----------------+---------+-------+--------+-------+-----+

+ Detail: 
    * Instance: 
    +-------------------------+----------------------+---------+-------+-----+-----+-----+
    |         Instance        |        Module        | BRAM_18K| DSP48E|  FF | LUT | URAM|
    +-------------------------+----------------------+---------+-------+-----+-----+-----+
    |dft_fadd_32ns_32neOg_U2  |dft_fadd_32ns_32neOg  |        0|      2|  205|  390|    0|
    |dft_fadd_32ns_32neOg_U4  |dft_fadd_32ns_32neOg  |        0|      2|  205|  390|    0|
    |dft_faddfsub_32nsdEe_U1  |dft_faddfsub_32nsdEe  |        0|      2|  205|  390|    0|
    |dft_fmul_32ns_32ng8j_U5  |dft_fmul_32ns_32ng8j  |        0|      3|  143|  321|    0|
    |dft_fmul_32ns_32ng8j_U6  |dft_fmul_32ns_32ng8j  |        0|      3|  143|  321|    0|
    |dft_fmul_32ns_32ng8j_U7  |dft_fmul_32ns_32ng8j  |        0|      3|  143|  321|    0|
    |dft_fmul_32ns_32ng8j_U8  |dft_fmul_32ns_32ng8j  |        0|      3|  143|  321|    0|
    |dft_fsub_32ns_32nfYi_U3  |dft_fsub_32ns_32nfYi  |        0|      2|  205|  390|    0|
    +-------------------------+----------------------+---------+-------+-----+-----+-----+
    |Total                    |                      |        0|     20| 1392| 2844|    0|
    +-------------------------+----------------------+---------+-------+-----+-----+-----+

    * DSP48E: 
    N/A

    * Memory: 
    +------------------------+----------------------+---------+---+----+-----+------+-----+------+-------------+
    |         Memory         |        Module        | BRAM_18K| FF| LUT| URAM| Words| Bits| Banks| W*Bits*Banks|
    +------------------------+----------------------+---------+---+----+-----+------+-----+------+-------------+
    |cos_coefficients_tab_U  |dft_cos_coefficiebkb  |        1|  0|   0|    0|   256|   32|     1|         8192|
    |sin_coefficients_tab_U  |dft_sin_coefficiecud  |        1|  0|   0|    0|   256|   32|     1|         8192|
    +------------------------+----------------------+---------+---+----+-----+------+-----+------+-------------+
    |Total                   |                      |        2|  0|   0|    0|   512|   64|     2|        16384|
    +------------------------+----------------------+---------+---+----+-----+------+-----+------+-------------+

    * FIFO: 
    N/A

    * Expression: 
    +------------------------+----------+-------+---+----+------------+------------+
    |      Variable Name     | Operation| DSP48E| FF| LUT| Bitwidth P0| Bitwidth P1|
    +------------------------+----------+-------+---+----+------------+------------+
    |mul_ln16_10_fu_1018_p2  |     *    |      0|  0|  41|           8|           8|
    |mul_ln16_11_fu_1040_p2  |     *    |      0|  0|  41|           8|           8|
    |mul_ln16_12_fu_1062_p2  |     *    |      0|  0|  41|           8|           8|
    |mul_ln16_13_fu_1084_p2  |     *    |      0|  0|  41|           8|           8|
    |mul_ln16_14_fu_1106_p2  |     *    |      0|  0|  41|           8|           8|
    |mul_ln16_15_fu_1128_p2  |     *    |      0|  0|  41|           8|           8|
    |mul_ln16_1_fu_820_p2    |     *    |      0|  0|  41|           8|           8|
    |mul_ln16_2_fu_842_p2    |     *    |      0|  0|  41|           8|           8|
    |mul_ln16_3_fu_864_p2    |     *    |      0|  0|  41|           8|           8|
    |mul_ln16_4_fu_886_p2    |     *    |      0|  0|  41|           8|           8|
    |mul_ln16_5_fu_908_p2    |     *    |      0|  0|  41|           8|           8|
    |mul_ln16_6_fu_930_p2    |     *    |      0|  0|  41|           8|           8|
    |mul_ln16_7_fu_952_p2    |     *    |      0|  0|  41|           8|           8|
    |mul_ln16_8_fu_974_p2    |     *    |      0|  0|  41|           8|           8|
    |mul_ln16_9_fu_996_p2    |     *    |      0|  0|  41|           8|           8|
    |mul_ln16_fu_792_p2      |     *    |      0|  0|  41|           8|           8|
    |add_ln13_fu_803_p2      |     +    |      0|  0|  15|           5|           9|
    |i_fu_764_p2             |     +    |      0|  0|  15|           1|           9|
    |icmp_ln11_fu_758_p2     |   icmp   |      0|  0|  13|           9|          10|
    |icmp_ln13_fu_776_p2     |   icmp   |      0|  0|  13|           9|          10|
    |or_ln13_10_fu_1029_p2   |    or    |      0|  0|   8|           8|           4|
    |or_ln13_11_fu_1051_p2   |    or    |      0|  0|   8|           8|           4|
    |or_ln13_12_fu_1073_p2   |    or    |      0|  0|   8|           8|           4|
    |or_ln13_13_fu_1095_p2   |    or    |      0|  0|   8|           8|           4|
    |or_ln13_14_fu_1117_p2   |    or    |      0|  0|   8|           8|           4|
    |or_ln13_1_fu_831_p2     |    or    |      0|  0|   8|           8|           2|
    |or_ln13_2_fu_853_p2     |    or    |      0|  0|   8|           8|           2|
    |or_ln13_3_fu_875_p2     |    or    |      0|  0|   8|           8|           3|
    |or_ln13_4_fu_897_p2     |    or    |      0|  0|   8|           8|           3|
    |or_ln13_5_fu_919_p2     |    or    |      0|  0|   8|           8|           3|
    |or_ln13_6_fu_941_p2     |    or    |      0|  0|   8|           8|           3|
    |or_ln13_7_fu_963_p2     |    or    |      0|  0|   8|           8|           4|
    |or_ln13_8_fu_985_p2     |    or    |      0|  0|   8|           8|           4|
    |or_ln13_9_fu_1007_p2    |    or    |      0|  0|   8|           8|           4|
    |or_ln13_fu_809_p2       |    or    |      0|  0|   8|           8|           1|
    +------------------------+----------+-------+---+----+------------+------------+
    |Total                   |          |      0|  0| 832|         272|         215|
    +------------------------+----------+-------+---+----+------------+------------+

    * Multiplexer: 
    +-------------------------------+-----+-----------+-----+-----------+
    |              Name             | LUT | Input Size| Bits| Total Bits|
    +-------------------------------+-----+-----------+-----+-----------+
    |ap_NS_fsm                      |  413|         95|    1|         95|
    |cos_coefficients_tab_address0  |   85|         17|    8|        136|
    |grp_fu_650_opcode              |   15|          3|    2|          6|
    |grp_fu_650_p0                  |   21|          4|   32|        128|
    |grp_fu_650_p1                  |   21|          4|   32|        128|
    |grp_fu_654_p0                  |   21|          4|   32|        128|
    |grp_fu_654_p1                  |   21|          4|   32|        128|
    |i_0_reg_628                    |    9|          2|    9|         18|
    |imag_sample_address0           |   85|         17|    8|        136|
    |j_0_0_reg_639                  |    9|          2|    9|         18|
    |real_sample_address0           |   85|         17|    8|        136|
    |sin_coefficients_tab_address0  |   85|         17|    8|        136|
    +-------------------------------+-----+-----------+-----+-----------+
    |Total                          |  870|        186|  181|       1193|
    +-------------------------------+-----+-----------+-----+-----------+

    * Register: 
    +------------------------+----+----+-----+-----------+
    |          Name          | FF | LUT| Bits| Const Bits|
    +------------------------+----+----+-----+-----------+
    |add_ln13_reg_1219       |   9|   0|    9|          0|
    |ap_CS_fsm               |  94|   0|   94|          0|
    |empty_3_reg_1190        |   8|   0|    8|          0|
    |i_0_reg_628             |   9|   0|    9|          0|
    |i_reg_1162              |   9|   0|    9|          0|
    |imag_out_addr_reg_1172  |   8|   0|    8|          0|
    |imag_out_load_reg_1249  |  32|   0|   32|          0|
    |j_0_0_reg_639           |   9|   0|    9|          0|
    |real_out_addr_reg_1167  |   8|   0|    8|          0|
    |real_out_load_reg_1244  |  32|   0|   32|          0|
    |reg_682                 |  32|   0|   32|          0|
    |reg_688                 |  32|   0|   32|          0|
    |reg_694                 |  32|   0|   32|          0|
    |reg_700                 |  32|   0|   32|          0|
    |reg_706                 |  32|   0|   32|          0|
    |reg_712                 |  32|   0|   32|          0|
    |reg_718                 |  32|   0|   32|          0|
    |reg_724                 |  32|   0|   32|          0|
    |reg_730                 |  32|   0|   32|          0|
    |reg_737                 |  32|   0|   32|          0|
    |reg_744                 |  32|   0|   32|          0|
    |reg_749                 |  32|   0|   32|          0|
    |trunc_ln16_reg_1139     |   8|   0|    8|          0|
    +------------------------+----+----+-----+-----------+
    |Total                   | 610|   0|  610|          0|
    +------------------------+----+----+-----+-----------+



================================================================
== Interface
================================================================
* Summary: 
+----------------------+-----+-----+------------+--------------+--------------+
|       RTL Ports      | Dir | Bits|  Protocol  | Source Object|    C Type    |
+----------------------+-----+-----+------------+--------------+--------------+
|ap_clk                |  in |    1| ap_ctrl_hs |      dft     | return value |
|ap_rst                |  in |    1| ap_ctrl_hs |      dft     | return value |
|ap_start              |  in |    1| ap_ctrl_hs |      dft     | return value |
|ap_done               | out |    1| ap_ctrl_hs |      dft     | return value |
|ap_idle               | out |    1| ap_ctrl_hs |      dft     | return value |
|ap_ready              | out |    1| ap_ctrl_hs |      dft     | return value |
|real_sample_address0  | out |    8|  ap_memory |  real_sample |     array    |
|real_sample_ce0       | out |    1|  ap_memory |  real_sample |     array    |
|real_sample_q0        |  in |   32|  ap_memory |  real_sample |     array    |
|imag_sample_address0  | out |    8|  ap_memory |  imag_sample |     array    |
|imag_sample_ce0       | out |    1|  ap_memory |  imag_sample |     array    |
|imag_sample_q0        |  in |   32|  ap_memory |  imag_sample |     array    |
|real_out_address0     | out |    8|  ap_memory |   real_out   |     array    |
|real_out_ce0          | out |    1|  ap_memory |   real_out   |     array    |
|real_out_we0          | out |    1|  ap_memory |   real_out   |     array    |
|real_out_d0           | out |   32|  ap_memory |   real_out   |     array    |
|real_out_q0           |  in |   32|  ap_memory |   real_out   |     array    |
|imag_out_address0     | out |    8|  ap_memory |   imag_out   |     array    |
|imag_out_ce0          | out |    1|  ap_memory |   imag_out   |     array    |
|imag_out_we0          | out |    1|  ap_memory |   imag_out   |     array    |
|imag_out_d0           | out |   32|  ap_memory |   imag_out   |     array    |
|imag_out_q0           |  in |   32|  ap_memory |   imag_out   |     array    |
+----------------------+-----+-----+------------+--------------+--------------+

