

================================================================
== Vivado HLS Report for 'dft'
================================================================
* Date:           Tue Oct 27 16:06:01 2020

* Version:        2020.1 (Build 2897737 on Wed May 27 20:21:37 MDT 2020)
* Project:        hls3
* Solution:       solution1
* Product family: zynq
* Target device:  xc7z020-clg484-1


================================================================
== Performance Estimates
================================================================
+ Timing: 
    * Summary: 
    +--------+----------+----------+------------+
    |  Clock |  Target  | Estimated| Uncertainty|
    +--------+----------+----------+------------+
    |ap_clk  | 10.00 ns | 7.424 ns |   1.25 ns  |
    +--------+----------+----------+------------+

+ Latency: 
    * Summary: 
    +---------+---------+-----------+-----------+---------+---------+---------+
    |  Latency (cycles) |   Latency (absolute)  |      Interval     | Pipeline|
    |   min   |   max   |    min    |    max    |   min   |   max   |   Type  |
    +---------+---------+-----------+-----------+---------+---------+---------+
    |  1114625|  1114625| 11.146 ms | 11.146 ms |  1114625|  1114625|   none  |
    +---------+---------+-----------+-----------+---------+---------+---------+

    + Detail: 
        * Instance: 
        N/A

        * Loop: 
        +-------------+---------+---------+----------+-----------+-----------+------+----------+
        |             |  Latency (cycles) | Iteration|  Initiation Interval  | Trip |          |
        |  Loop Name  |   min   |   max   |  Latency |  achieved |   target  | Count| Pipelined|
        +-------------+---------+---------+----------+-----------+-----------+------+----------+
        |- Loop 1     |  1114624|  1114624|      4354|          -|          -|   256|    no    |
        | + Loop 1.1  |     4352|     4352|        17|          -|          -|   256|    no    |
        +-------------+---------+---------+----------+-----------+-----------+------+----------+



================================================================
== Utilization Estimates
================================================================
* Summary: 
+-----------------+---------+-------+--------+-------+-----+
|       Name      | BRAM_18K| DSP48E|   FF   |  LUT  | URAM|
+-----------------+---------+-------+--------+-------+-----+
|DSP              |        -|      -|       -|      -|    -|
|Expression       |        -|      0|       0|     97|    -|
|FIFO             |        -|      -|       -|      -|    -|
|Instance         |        -|     16|     982|   2064|    -|
|Memory           |        2|      -|       0|      0|    -|
|Multiplexer      |        -|      -|       -|    238|    -|
|Register         |        -|      -|     463|      -|    -|
+-----------------+---------+-------+--------+-------+-----+
|Total            |        2|     16|    1445|   2399|    0|
+-----------------+---------+-------+--------+-------+-----+
|Available        |      280|    220|  106400|  53200|    0|
+-----------------+---------+-------+--------+-------+-----+
|Utilization (%)  |    ~0   |      7|       1|      4|    0|
+-----------------+---------+-------+--------+-------+-----+

+ Detail: 
    * Instance: 
    +-------------------------+----------------------+---------+-------+-----+-----+-----+
    |         Instance        |        Module        | BRAM_18K| DSP48E|  FF | LUT | URAM|
    +-------------------------+----------------------+---------+-------+-----+-----+-----+
    |dft_fadd_32ns_32neOg_U2  |dft_fadd_32ns_32neOg  |        0|      2|  205|  390|    0|
    |dft_faddfsub_32nsdEe_U1  |dft_faddfsub_32nsdEe  |        0|      2|  205|  390|    0|
    |dft_fmul_32ns_32nfYi_U3  |dft_fmul_32ns_32nfYi  |        0|      3|  143|  321|    0|
    |dft_fmul_32ns_32nfYi_U4  |dft_fmul_32ns_32nfYi  |        0|      3|  143|  321|    0|
    |dft_fmul_32ns_32nfYi_U5  |dft_fmul_32ns_32nfYi  |        0|      3|  143|  321|    0|
    |dft_fmul_32ns_32nfYi_U6  |dft_fmul_32ns_32nfYi  |        0|      3|  143|  321|    0|
    +-------------------------+----------------------+---------+-------+-----+-----+-----+
    |Total                    |                      |        0|     16|  982| 2064|    0|
    +-------------------------+----------------------+---------+-------+-----+-----+-----+

    * DSP48E: 
    N/A

    * Memory: 
    +------------------------+----------------------+---------+---+----+-----+------+-----+------+-------------+
    |         Memory         |        Module        | BRAM_18K| FF| LUT| URAM| Words| Bits| Banks| W*Bits*Banks|
    +------------------------+----------------------+---------+---+----+-----+------+-----+------+-------------+
    |cos_coefficients_tab_U  |dft_cos_coefficiebkb  |        1|  0|   0|    0|   256|   32|     1|         8192|
    |sin_coefficients_tab_U  |dft_sin_coefficiecud  |        1|  0|   0|    0|   256|   32|     1|         8192|
    +------------------------+----------------------+---------+---+----+-----+------+-----+------+-------------+
    |Total                   |                      |        2|  0|   0|    0|   512|   64|     2|        16384|
    +------------------------+----------------------+---------+---+----+-----+------+-----+------+-------------+

    * FIFO: 
    N/A

    * Expression: 
    +---------------------+----------+-------+---+----+------------+------------+
    |    Variable Name    | Operation| DSP48E| FF| LUT| Bitwidth P0| Bitwidth P1|
    +---------------------+----------+-------+---+----+------------+------------+
    |theta_fu_234_p2      |     *    |      0|  0|  41|           8|           8|
    |i_fu_206_p2          |     +    |      0|  0|  15|           1|           9|
    |j_fu_228_p2          |     +    |      0|  0|  15|           1|           9|
    |icmp_ln11_fu_222_p2  |   icmp   |      0|  0|  13|           9|          10|
    |icmp_ln8_fu_200_p2   |   icmp   |      0|  0|  13|           9|          10|
    +---------------------+----------+-------+---+----+------------+------------+
    |Total                |          |      0|  0|  97|          28|          46|
    +---------------------+----------+-------+---+----+------------+------------+

    * Multiplexer: 
    +-----------------------+----+-----------+-----+-----------+
    |          Name         | LUT| Input Size| Bits| Total Bits|
    +-----------------------+----+-----------+-----+-----------+
    |ap_NS_fsm              |  97|         20|    1|         20|
    |grp_fu_157_opcode      |  15|          3|    2|          6|
    |grp_fu_157_p0          |  15|          3|   32|         96|
    |grp_fu_157_p1          |  15|          3|   32|         96|
    |grp_fu_161_p0          |  15|          3|   32|         96|
    |grp_fu_161_p1          |  15|          3|   32|         96|
    |i_0_reg_110            |   9|          2|    9|         18|
    |j_0_reg_146            |   9|          2|    9|         18|
    |real_out_address0      |  15|          3|    8|         24|
    |real_out_d0            |  15|          3|   32|         96|
    |real_out_load_reg_134  |   9|          2|   32|         64|
    |storemerge_reg_121     |   9|          2|   32|         64|
    +-----------------------+----+-----------+-----+-----------+
    |Total                  | 238|         49|  253|        694|
    +-----------------------+----+-----------+-----+-----------+

    * Register: 
    +--------------------------------+----+----+-----+-----------+
    |              Name              | FF | LUT| Bits| Const Bits|
    +--------------------------------+----+----+-----+-----------+
    |ap_CS_fsm                       |  19|   0|   19|          0|
    |cos_coefficients_tab_2_reg_308  |  32|   0|   32|          0|
    |i_0_reg_110                     |   9|   0|    9|          0|
    |i_reg_259                       |   9|   0|    9|          0|
    |imag_out_addr_reg_269           |   8|   0|    8|          0|
    |imag_sample_load_reg_314        |  32|   0|   32|          0|
    |j_0_reg_146                     |   9|   0|    9|          0|
    |j_reg_277                       |   9|   0|    9|          0|
    |real_out_addr_reg_264           |   8|   0|    8|          0|
    |real_out_load_reg_134           |  32|   0|   32|          0|
    |real_sample_load_reg_302        |  32|   0|   32|          0|
    |reg_183                         |  32|   0|   32|          0|
    |reg_190                         |  32|   0|   32|          0|
    |sin_coefficients_tab_2_reg_320  |  32|   0|   32|          0|
    |storemerge_reg_121              |  32|   0|   32|          0|
    |tmp_1_reg_331                   |  32|   0|   32|          0|
    |tmp_4_reg_336                   |  32|   0|   32|          0|
    |tmp_5_reg_341                   |  32|   0|   32|          0|
    |tmp_reg_326                     |  32|   0|   32|          0|
    |trunc_ln12_reg_251              |   8|   0|    8|          0|
    +--------------------------------+----+----+-----+-----------+
    |Total                           | 463|   0|  463|          0|
    +--------------------------------+----+----+-----+-----------+



================================================================
== Interface
================================================================
* Summary: 
+----------------------+-----+-----+------------+--------------+--------------+
|       RTL Ports      | Dir | Bits|  Protocol  | Source Object|    C Type    |
+----------------------+-----+-----+------------+--------------+--------------+
|ap_clk                |  in |    1| ap_ctrl_hs |      dft     | return value |
|ap_rst                |  in |    1| ap_ctrl_hs |      dft     | return value |
|ap_start              |  in |    1| ap_ctrl_hs |      dft     | return value |
|ap_done               | out |    1| ap_ctrl_hs |      dft     | return value |
|ap_idle               | out |    1| ap_ctrl_hs |      dft     | return value |
|ap_ready              | out |    1| ap_ctrl_hs |      dft     | return value |
|real_sample_address0  | out |    8|  ap_memory |  real_sample |     array    |
|real_sample_ce0       | out |    1|  ap_memory |  real_sample |     array    |
|real_sample_q0        |  in |   32|  ap_memory |  real_sample |     array    |
|imag_sample_address0  | out |    8|  ap_memory |  imag_sample |     array    |
|imag_sample_ce0       | out |    1|  ap_memory |  imag_sample |     array    |
|imag_sample_q0        |  in |   32|  ap_memory |  imag_sample |     array    |
|real_out_address0     | out |    8|  ap_memory |   real_out   |     array    |
|real_out_ce0          | out |    1|  ap_memory |   real_out   |     array    |
|real_out_we0          | out |    1|  ap_memory |   real_out   |     array    |
|real_out_d0           | out |   32|  ap_memory |   real_out   |     array    |
|imag_out_address0     | out |    8|  ap_memory |   imag_out   |     array    |
|imag_out_ce0          | out |    1|  ap_memory |   imag_out   |     array    |
|imag_out_we0          | out |    1|  ap_memory |   imag_out   |     array    |
|imag_out_d0           | out |   32|  ap_memory |   imag_out   |     array    |
+----------------------+-----+-----+------------+--------------+--------------+

