

================================================================
== Vivado HLS Report for 'fir'
================================================================
* Date:           Mon Oct 12 21:42:32 2020

* Version:        2020.1 (Build 2897737 on Wed May 27 20:21:37 MDT 2020)
* Project:        best
* Solution:       solution1
* Product family: zynq
* Target device:  xc7z020-clg400-1


================================================================
== Performance Estimates
================================================================
+ Timing: 
    * Summary: 
    +--------+----------+----------+------------+
    |  Clock |  Target  | Estimated| Uncertainty|
    +--------+----------+----------+------------+
    |ap_clk  | 10.00 ns | 8.742 ns |   1.25 ns  |
    +--------+----------+----------+------------+

+ Latency: 
    * Summary: 
    +---------+---------+----------+----------+-----+-----+---------+
    |  Latency (cycles) |  Latency (absolute) |  Interval | Pipeline|
    |   min   |   max   |    min   |    max   | min | max |   Type  |
    +---------+---------+----------+----------+-----+-----+---------+
    |       13|       13| 0.130 us | 0.130 us |   13|   13|   none  |
    +---------+---------+----------+----------+-----+-----+---------+

    + Detail: 
        * Instance: 
        N/A

        * Loop: 
        N/A



================================================================
== Utilization Estimates
================================================================
* Summary: 
+-----------------+---------+-------+--------+-------+-----+
|       Name      | BRAM_18K| DSP48E|   FF   |  LUT  | URAM|
+-----------------+---------+-------+--------+-------+-----+
|DSP              |        -|      -|       -|      -|    -|
|Expression       |        -|     18|       0|   8407|    -|
|FIFO             |        -|      -|       -|      -|    -|
|Instance         |        -|      -|       -|      -|    -|
|Memory           |        -|      -|       -|      -|    -|
|Multiplexer      |        -|      -|       -|     98|    -|
|Register         |        -|      -|    6870|      -|    -|
+-----------------+---------+-------+--------+-------+-----+
|Total            |        0|     18|    6870|   8505|    0|
+-----------------+---------+-------+--------+-------+-----+
|Available        |      280|    220|  106400|  53200|    0|
+-----------------+---------+-------+--------+-------+-----+
|Utilization (%)  |        0|      8|       6|     15|    0|
+-----------------+---------+-------+--------+-------+-----+

+ Detail: 
    * Instance: 
    N/A

    * DSP48E: 
    N/A

    * Memory: 
    N/A

    * FIFO: 
    N/A

    * Expression: 
    +-------------------------+----------+-------+---+----+------------+------------+
    |      Variable Name      | Operation| DSP48E| FF| LUT| Bitwidth P0| Bitwidth P1|
    +-------------------------+----------+-------+---+----+------------+------------+
    |mul_ln33_10_fu_1809_p2   |     *    |      2|  0|  20|          32|           5|
    |mul_ln33_11_fu_2076_p2   |     *    |      2|  0|  20|          32|           5|
    |mul_ln33_12_fu_2261_p2   |     *    |      0|  0|  20|          32|           4|
    |mul_ln33_13_fu_2277_p2   |     *    |      0|  0|  20|          32|           4|
    |mul_ln33_14_fu_2435_p2   |     *    |      0|  0|  20|          32|           4|
    |mul_ln33_15_fu_2153_p2   |     *    |      0|  0|  20|          32|           4|
    |mul_ln33_16_fu_2688_p2   |     *    |      2|  0|  20|          32|           5|
    |mul_ln33_17_fu_2704_p2   |     *    |      2|  0|  20|          32|           5|
    |mul_ln33_18_fu_3652_p2   |     *    |      2|  0|  20|          32|           5|
    |mul_ln33_1_fu_666_p2     |     *    |      0|  0|  20|          32|           4|
    |mul_ln33_2_fu_791_p2     |     *    |      2|  0|  20|          32|           5|
    |mul_ln33_3_fu_807_p2     |     *    |      2|  0|  20|          32|           5|
    |mul_ln33_4_fu_1175_p2    |     *    |      2|  0|  20|          32|           5|
    |mul_ln33_5_fu_1230_p2    |     *    |      0|  0|  20|          32|           4|
    |mul_ln33_6_fu_1246_p2    |     *    |      0|  0|  20|          32|           4|
    |mul_ln33_7_fu_1256_p2    |     *    |      0|  0|  20|          32|           4|
    |mul_ln33_8_fu_1272_p2    |     *    |      0|  0|  20|          32|           4|
    |mul_ln33_9_fu_1793_p2    |     *    |      2|  0|  20|          32|           5|
    |mul_ln33_fu_650_p2       |     *    |      0|  0|  20|          32|           4|
    |mul_ln36_fu_3827_p2      |     *    |      0|  0|  20|          32|           4|
    |add_ln33_100_fu_2595_p2  |     +    |      0|  0|  32|          32|          32|
    |add_ln33_101_fu_2674_p2  |     +    |      0|  0|  32|          32|          32|
    |add_ln33_102_fu_2679_p2  |     +    |      0|  0|  32|          32|          32|
    |add_ln33_103_fu_2730_p2  |     +    |      0|  0|  32|          32|          32|
    |add_ln33_104_fu_3582_p2  |     +    |      0|  0|  32|          32|          32|
    |add_ln33_105_fu_3587_p2  |     +    |      0|  0|  32|          32|          32|
    |add_ln33_106_fu_3592_p2  |     +    |      0|  0|  32|          32|          32|
    |add_ln33_107_fu_3598_p2  |     +    |      0|  0|  32|          32|          32|
    |add_ln33_108_fu_3657_p2  |     +    |      0|  0|  32|          32|          32|
    |add_ln33_109_fu_3661_p2  |     +    |      0|  0|  32|          32|          32|
    |add_ln33_10_fu_580_p2    |     +    |      0|  0|  32|          32|          32|
    |add_ln33_110_fu_3604_p2  |     +    |      0|  0|  32|          32|          32|
    |add_ln33_111_fu_3610_p2  |     +    |      0|  0|  32|          32|          32|
    |add_ln33_112_fu_3616_p2  |     +    |      0|  0|  32|          32|          32|
    |add_ln33_113_fu_3666_p2  |     +    |      0|  0|  32|          32|          32|
    |add_ln33_114_fu_3670_p2  |     +    |      0|  0|  32|          32|          32|
    |add_ln33_115_fu_3675_p2  |     +    |      0|  0|  32|          32|          32|
    |add_ln33_116_fu_3680_p2  |     +    |      0|  0|  32|          32|          32|
    |add_ln33_117_fu_3622_p2  |     +    |      0|  0|  32|          32|          32|
    |add_ln33_118_fu_3628_p2  |     +    |      0|  0|  32|          32|          32|
    |add_ln33_119_fu_3634_p2  |     +    |      0|  0|  32|          32|          32|
    |add_ln33_11_fu_586_p2    |     +    |      0|  0|  32|          32|          32|
    |add_ln33_120_fu_3640_p2  |     +    |      0|  0|  32|          32|          32|
    |add_ln33_121_fu_3686_p2  |     +    |      0|  0|  32|          32|          32|
    |add_ln33_122_fu_3690_p2  |     +    |      0|  0|  32|          32|          32|
    |add_ln33_123_fu_3646_p2  |     +    |      0|  0|  32|          32|          32|
    |add_ln33_124_fu_3695_p2  |     +    |      0|  0|  32|          32|          32|
    |add_ln33_125_fu_3699_p2  |     +    |      0|  0|  32|          32|          32|
    |add_ln33_126_fu_3704_p2  |     +    |      0|  0|  32|          32|          32|
    |add_ln33_127_fu_2724_p2  |     +    |      0|  0|  39|          32|          32|
    |add_ln33_128_fu_3708_p2  |     +    |      0|  0|  32|          32|          32|
    |add_ln33_129_fu_3713_p2  |     +    |      0|  0|  32|          32|          32|
    |add_ln33_12_fu_592_p2    |     +    |      0|  0|  39|          32|          32|
    |add_ln33_130_fu_3719_p2  |     +    |      0|  0|  32|          32|          32|
    |add_ln33_131_fu_3745_p2  |     +    |      0|  0|  32|          32|          32|
    |add_ln33_132_fu_753_p2   |     +    |      0|  0|  32|          32|          32|
    |add_ln33_133_fu_1300_p2  |     +    |      0|  0|  32|          32|          32|
    |add_ln33_134_fu_1590_p2  |     +    |      0|  0|  32|          32|          32|
    |add_ln33_135_fu_2207_p2  |     +    |      0|  0|  32|          32|          32|
    |add_ln33_136_fu_2506_p2  |     +    |      0|  0|  32|          32|          32|
    |add_ln33_137_fu_3793_p2  |     +    |      0|  0|  32|          32|          32|
    |add_ln33_13_fu_598_p2    |     +    |      0|  0|  32|          32|          32|
    |add_ln33_14_fu_604_p2    |     +    |      0|  0|  32|          32|          32|
    |add_ln33_15_fu_610_p2    |     +    |      0|  0|  32|          32|          32|
    |add_ln33_16_fu_616_p2    |     +    |      0|  0|  32|          32|          32|
    |add_ln33_17_fu_622_p2    |     +    |      0|  0|  39|          32|          32|
    |add_ln33_18_fu_628_p2    |     +    |      0|  0|  32|          32|          32|
    |add_ln33_19_fu_634_p2    |     +    |      0|  0|  32|          32|          32|
    |add_ln33_1_fu_343_p2     |     +    |      0|  0|  39|          32|          32|
    |add_ln33_20_fu_672_p2    |     +    |      0|  0|  32|          32|          32|
    |add_ln33_21_fu_676_p2    |     +    |      0|  0|  32|          32|          32|
    |add_ln33_22_fu_759_p2    |     +    |      0|  0|  32|          32|          32|
    |add_ln33_23_fu_764_p2    |     +    |      0|  0|  32|          32|          32|
    |add_ln33_24_fu_770_p2    |     +    |      0|  0|  39|          32|          32|
    |add_ln33_25_fu_775_p2    |     +    |      0|  0|  32|          32|          32|
    |add_ln33_26_fu_781_p2    |     +    |      0|  0|  32|          32|          32|
    |add_ln33_27_fu_833_p2    |     +    |      0|  0|  32|          32|          32|
    |add_ln33_28_fu_1141_p2   |     +    |      0|  0|  32|          32|          32|
    |add_ln33_29_fu_1146_p2   |     +    |      0|  0|  32|          32|          32|
    |add_ln33_2_fu_349_p2     |     +    |      0|  0|  32|          32|          32|
    |add_ln33_30_fu_1151_p2   |     +    |      0|  0|  32|          32|          32|
    |add_ln33_31_fu_1180_p2   |     +    |      0|  0|  32|          32|          32|
    |add_ln33_32_fu_1184_p2   |     +    |      0|  0|  32|          32|          32|
    |add_ln33_33_fu_1157_p2   |     +    |      0|  0|  32|          32|          32|
    |add_ln33_34_fu_1163_p2   |     +    |      0|  0|  32|          32|          32|
    |add_ln33_35_fu_1169_p2   |     +    |      0|  0|  32|          32|          32|
    |add_ln33_36_fu_827_p2    |     +    |      0|  0|  39|          32|          32|
    |add_ln33_37_fu_1189_p2   |     +    |      0|  0|  32|          32|          32|
    |add_ln33_38_fu_1193_p2   |     +    |      0|  0|  32|          32|          32|
    |add_ln33_39_fu_1198_p2   |     +    |      0|  0|  32|          32|          32|
    |add_ln33_3_fu_355_p2     |     +    |      0|  0|  32|          32|          32|
    |add_ln33_40_fu_1596_p2   |     +    |      0|  0|  32|          32|          32|
    |add_ln33_41_fu_1601_p2   |     +    |      0|  0|  32|          32|          32|
    |add_ln33_42_fu_1607_p2   |     +    |      0|  0|  32|          32|          32|
    |add_ln33_43_fu_1613_p2   |     +    |      0|  0|  32|          32|          32|
    |add_ln33_44_fu_1619_p2   |     +    |      0|  0|  32|          32|          32|
    |add_ln33_45_fu_1625_p2   |     +    |      0|  0|  32|          32|          32|
    |add_ln33_46_fu_1630_p2   |     +    |      0|  0|  32|          32|          32|
    |add_ln33_47_fu_1635_p2   |     +    |      0|  0|  39|          32|          32|
    |add_ln33_48_fu_1641_p2   |     +    |      0|  0|  32|          32|          32|
    |add_ln33_49_fu_1647_p2   |     +    |      0|  0|  32|          32|          32|
    |add_ln33_4_fu_545_p2     |     +    |      0|  0|  32|          32|          32|
    |add_ln33_50_fu_1737_p2   |     +    |      0|  0|  32|          32|          32|
    |add_ln33_51_fu_1741_p2   |     +    |      0|  0|  32|          32|          32|
    |add_ln33_52_fu_1653_p2   |     +    |      0|  0|  32|          32|          32|
    |add_ln33_53_fu_1659_p2   |     +    |      0|  0|  32|          32|          32|
    |add_ln33_54_fu_1665_p2   |     +    |      0|  0|  39|          32|          32|
    |add_ln33_55_fu_1671_p2   |     +    |      0|  0|  39|          32|          32|
    |add_ln33_56_fu_1677_p2   |     +    |      0|  0|  32|          32|          32|
    |add_ln33_57_fu_1683_p2   |     +    |      0|  0|  32|          32|          32|
    |add_ln33_58_fu_1689_p2   |     +    |      0|  0|  32|          32|          32|
    |add_ln33_59_fu_1694_p2   |     +    |      0|  0|  32|          32|          32|
    |add_ln33_5_fu_551_p2     |     +    |      0|  0|  32|          32|          32|
    |add_ln33_60_fu_1700_p2   |     +    |      0|  0|  39|          32|          32|
    |add_ln33_61_fu_1705_p2   |     +    |      0|  0|  32|          32|          32|
    |add_ln33_62_fu_1711_p2   |     +    |      0|  0|  32|          32|          32|
    |add_ln33_63_fu_1746_p2   |     +    |      0|  0|  32|          32|          32|
    |add_ln33_64_fu_1750_p2   |     +    |      0|  0|  32|          32|          32|
    |add_ln33_65_fu_1755_p2   |     +    |      0|  0|  32|          32|          32|
    |add_ln33_66_fu_2120_p2   |     +    |      0|  0|  32|          32|          32|
    |add_ln33_67_fu_2124_p2   |     +    |      0|  0|  32|          32|          32|
    |add_ln33_68_fu_2052_p2   |     +    |      0|  0|  32|          32|          32|
    |add_ln33_69_fu_2129_p2   |     +    |      0|  0|  32|          32|          32|
    |add_ln33_6_fu_557_p2     |     +    |      0|  0|  32|          32|          32|
    |add_ln33_70_fu_2134_p2   |     +    |      0|  0|  32|          32|          32|
    |add_ln33_71_fu_2058_p2   |     +    |      0|  0|  32|          32|          32|
    |add_ln33_72_fu_2064_p2   |     +    |      0|  0|  32|          32|          32|
    |add_ln33_73_fu_2070_p2   |     +    |      0|  0|  32|          32|          32|
    |add_ln33_74_fu_1731_p2   |     +    |      0|  0|  39|          32|          32|
    |add_ln33_75_fu_2140_p2   |     +    |      0|  0|  32|          32|          32|
    |add_ln33_76_fu_2144_p2   |     +    |      0|  0|  32|          32|          32|
    |add_ln33_77_fu_2159_p2   |     +    |      0|  0|  32|          32|          32|
    |add_ln33_78_fu_2512_p2   |     +    |      0|  0|  32|          32|          32|
    |add_ln33_79_fu_2518_p2   |     +    |      0|  0|  32|          32|          32|
    |add_ln33_7_fu_563_p2     |     +    |      0|  0|  32|          32|          32|
    |add_ln33_80_fu_2524_p2   |     +    |      0|  0|  32|          32|          32|
    |add_ln33_81_fu_2633_p2   |     +    |      0|  0|  32|          32|          32|
    |add_ln33_82_fu_2637_p2   |     +    |      0|  0|  32|          32|          32|
    |add_ln33_83_fu_2642_p2   |     +    |      0|  0|  32|          32|          32|
    |add_ln33_84_fu_2647_p2   |     +    |      0|  0|  32|          32|          32|
    |add_ln33_85_fu_2530_p2   |     +    |      0|  0|  39|          32|          32|
    |add_ln33_86_fu_2536_p2   |     +    |      0|  0|  32|          32|          32|
    |add_ln33_87_fu_2542_p2   |     +    |      0|  0|  32|          32|          32|
    |add_ln33_88_fu_2652_p2   |     +    |      0|  0|  32|          32|          32|
    |add_ln33_89_fu_2657_p2   |     +    |      0|  0|  32|          32|          32|
    |add_ln33_8_fu_569_p2     |     +    |      0|  0|  32|          32|          32|
    |add_ln33_90_fu_2548_p2   |     +    |      0|  0|  32|          32|          32|
    |add_ln33_91_fu_2554_p2   |     +    |      0|  0|  32|          32|          32|
    |add_ln33_92_fu_2560_p2   |     +    |      0|  0|  39|          32|          32|
    |add_ln33_93_fu_2566_p2   |     +    |      0|  0|  39|          32|          32|
    |add_ln33_94_fu_2572_p2   |     +    |      0|  0|  32|          32|          32|
    |add_ln33_95_fu_2578_p2   |     +    |      0|  0|  32|          32|          32|
    |add_ln33_96_fu_2663_p2   |     +    |      0|  0|  32|          32|          32|
    |add_ln33_97_fu_2668_p2   |     +    |      0|  0|  32|          32|          32|
    |add_ln33_98_fu_2584_p2   |     +    |      0|  0|  39|          32|          32|
    |add_ln33_99_fu_2589_p2   |     +    |      0|  0|  32|          32|          32|
    |add_ln33_9_fu_575_p2     |     +    |      0|  0|  32|          32|          32|
    |add_ln33_fu_337_p2       |     +    |      0|  0|  39|          32|          32|
    |add_ln36_1_fu_3871_p2    |     +    |      0|  0|  32|          32|          32|
    |add_ln36_2_fu_3876_p2    |     +    |      0|  0|  32|          32|          32|
    |add_ln36_3_fu_3739_p2    |     +    |      0|  0|  39|          32|          32|
    |add_ln36_4_fu_3881_p2    |     +    |      0|  0|  39|          32|          32|
    |add_ln36_5_fu_3887_p2    |     +    |      0|  0|  32|          32|          32|
    |add_ln36_fu_3821_p2      |     +    |      0|  0|  32|          32|          32|
    |y                        |     +    |      0|  0|  32|          32|          32|
    |sub_ln33_100_fu_1584_p2  |     -    |      0|  0|  32|           1|          32|
    |sub_ln33_101_fu_2201_p2  |     -    |      0|  0|  32|           1|          32|
    |sub_ln33_102_fu_2500_p2  |     -    |      0|  0|  32|           1|          32|
    |sub_ln33_103_fu_3787_p2  |     -    |      0|  0|  39|           1|          32|
    |sub_ln33_10_fu_1016_p2   |     -    |      0|  0|  32|           1|          32|
    |sub_ln33_11_fu_1028_p2   |     -    |      0|  0|  32|          32|          32|
    |sub_ln33_12_fu_1050_p2   |     -    |      0|  0|  32|           1|          32|
    |sub_ln33_13_fu_1062_p2   |     -    |      0|  0|  32|          32|          32|
    |sub_ln33_14_fu_1084_p2   |     -    |      0|  0|  39|           1|          32|
    |sub_ln33_15_fu_1096_p2   |     -    |      0|  0|  32|          32|          32|
    |sub_ln33_16_fu_1118_p2   |     -    |      0|  0|  32|           1|          32|
    |sub_ln33_17_fu_1130_p2   |     -    |      0|  0|  32|          32|          32|
    |sub_ln33_18_fu_1220_p2   |     -    |      0|  0|  32|          32|          32|
    |sub_ln33_19_fu_1322_p2   |     -    |      0|  0|  32|          32|          32|
    |sub_ln33_1_fu_853_p2     |     -    |      0|  0|  32|          32|          32|
    |sub_ln33_20_fu_1562_p2   |     -    |      0|  0|  39|          32|          32|
    |sub_ln33_21_fu_1777_p2   |     -    |      0|  0|  32|          32|          32|
    |sub_ln33_22_fu_2097_p2   |     -    |      0|  0|  32|           1|          32|
    |sub_ln33_23_fu_2109_p2   |     -    |      0|  0|  32|          32|          32|
    |sub_ln33_24_fu_1825_p2   |     -    |      0|  0|  39|           1|          32|
    |sub_ln33_25_fu_1837_p2   |     -    |      0|  0|  32|          32|          32|
    |sub_ln33_26_fu_1859_p2   |     -    |      0|  0|  32|           1|          32|
    |sub_ln33_27_fu_1871_p2   |     -    |      0|  0|  32|          32|          32|
    |sub_ln33_28_fu_1893_p2   |     -    |      0|  0|  32|           1|          32|
    |sub_ln33_29_fu_1905_p2   |     -    |      0|  0|  32|          32|          32|
    |sub_ln33_2_fu_880_p2     |     -    |      0|  0|  32|           1|          32|
    |sub_ln33_30_fu_1927_p2   |     -    |      0|  0|  32|           1|          32|
    |sub_ln33_31_fu_1939_p2   |     -    |      0|  0|  32|          32|          32|
    |sub_ln33_32_fu_1961_p2   |     -    |      0|  0|  32|           1|          32|
    |sub_ln33_33_fu_1973_p2   |     -    |      0|  0|  32|          32|          32|
    |sub_ln33_34_fu_1995_p2   |     -    |      0|  0|  39|           1|          32|
    |sub_ln33_35_fu_2007_p2   |     -    |      0|  0|  32|          32|          32|
    |sub_ln33_36_fu_2029_p2   |     -    |      0|  0|  32|           1|          32|
    |sub_ln33_37_fu_2041_p2   |     -    |      0|  0|  32|          32|          32|
    |sub_ln33_38_fu_2179_p2   |     -    |      0|  0|  32|          32|          32|
    |sub_ln33_39_fu_2229_p2   |     -    |      0|  0|  32|          32|          32|
    |sub_ln33_3_fu_892_p2     |     -    |      0|  0|  32|          32|          32|
    |sub_ln33_40_fu_2478_p2   |     -    |      0|  0|  39|          32|          32|
    |sub_ln33_41_fu_2750_p2   |     -    |      0|  0|  32|          32|          32|
    |sub_ln33_42_fu_2777_p2   |     -    |      0|  0|  39|           1|          32|
    |sub_ln33_43_fu_2789_p2   |     -    |      0|  0|  32|          32|          32|
    |sub_ln33_44_fu_2811_p2   |     -    |      0|  0|  32|           1|          32|
    |sub_ln33_45_fu_2823_p2   |     -    |      0|  0|  32|          32|          32|
    |sub_ln33_46_fu_2845_p2   |     -    |      0|  0|  39|           1|          32|
    |sub_ln33_47_fu_2857_p2   |     -    |      0|  0|  32|          32|          32|
    |sub_ln33_48_fu_2879_p2   |     -    |      0|  0|  32|           1|          32|
    |sub_ln33_49_fu_2891_p2   |     -    |      0|  0|  32|          32|          32|
    |sub_ln33_4_fu_914_p2     |     -    |      0|  0|  39|           1|          32|
    |sub_ln33_50_fu_2913_p2   |     -    |      0|  0|  32|           1|          32|
    |sub_ln33_51_fu_2925_p2   |     -    |      0|  0|  32|          32|          32|
    |sub_ln33_52_fu_2947_p2   |     -    |      0|  0|  32|           1|          32|
    |sub_ln33_53_fu_2959_p2   |     -    |      0|  0|  32|          32|          32|
    |sub_ln33_54_fu_2981_p2   |     -    |      0|  0|  32|           1|          32|
    |sub_ln33_55_fu_2993_p2   |     -    |      0|  0|  32|          32|          32|
    |sub_ln33_56_fu_3015_p2   |     -    |      0|  0|  39|           1|          32|
    |sub_ln33_57_fu_3027_p2   |     -    |      0|  0|  32|          32|          32|
    |sub_ln33_58_fu_3049_p2   |     -    |      0|  0|  32|           1|          32|
    |sub_ln33_59_fu_3061_p2   |     -    |      0|  0|  32|          32|          32|
    |sub_ln33_5_fu_926_p2     |     -    |      0|  0|  32|          32|          32|
    |sub_ln33_60_fu_3083_p2   |     -    |      0|  0|  32|           1|          32|
    |sub_ln33_61_fu_3095_p2   |     -    |      0|  0|  32|          32|          32|
    |sub_ln33_62_fu_3117_p2   |     -    |      0|  0|  32|           1|          32|
    |sub_ln33_63_fu_3129_p2   |     -    |      0|  0|  32|          32|          32|
    |sub_ln33_64_fu_3151_p2   |     -    |      0|  0|  32|           1|          32|
    |sub_ln33_65_fu_3163_p2   |     -    |      0|  0|  32|          32|          32|
    |sub_ln33_66_fu_3185_p2   |     -    |      0|  0|  32|           1|          32|
    |sub_ln33_67_fu_3197_p2   |     -    |      0|  0|  32|          32|          32|
    |sub_ln33_68_fu_3219_p2   |     -    |      0|  0|  32|           1|          32|
    |sub_ln33_69_fu_3231_p2   |     -    |      0|  0|  32|          32|          32|
    |sub_ln33_6_fu_948_p2     |     -    |      0|  0|  32|           1|          32|
    |sub_ln33_70_fu_3253_p2   |     -    |      0|  0|  39|           1|          32|
    |sub_ln33_71_fu_3265_p2   |     -    |      0|  0|  32|          32|          32|
    |sub_ln33_72_fu_3287_p2   |     -    |      0|  0|  32|           1|          32|
    |sub_ln33_73_fu_3299_p2   |     -    |      0|  0|  32|          32|          32|
    |sub_ln33_74_fu_3321_p2   |     -    |      0|  0|  39|           1|          32|
    |sub_ln33_75_fu_3333_p2   |     -    |      0|  0|  32|          32|          32|
    |sub_ln33_76_fu_3355_p2   |     -    |      0|  0|  32|           1|          32|
    |sub_ln33_77_fu_3367_p2   |     -    |      0|  0|  32|          32|          32|
    |sub_ln33_78_fu_3389_p2   |     -    |      0|  0|  39|           1|          32|
    |sub_ln33_79_fu_3401_p2   |     -    |      0|  0|  32|          32|          32|
    |sub_ln33_7_fu_960_p2     |     -    |      0|  0|  32|          32|          32|
    |sub_ln33_80_fu_3423_p2   |     -    |      0|  0|  32|           1|          32|
    |sub_ln33_81_fu_3435_p2   |     -    |      0|  0|  32|          32|          32|
    |sub_ln33_82_fu_3457_p2   |     -    |      0|  0|  32|           1|          32|
    |sub_ln33_83_fu_3469_p2   |     -    |      0|  0|  32|          32|          32|
    |sub_ln33_84_fu_3491_p2   |     -    |      0|  0|  32|           1|          32|
    |sub_ln33_85_fu_3503_p2   |     -    |      0|  0|  32|          32|          32|
    |sub_ln33_86_fu_3525_p2   |     -    |      0|  0|  32|           1|          32|
    |sub_ln33_87_fu_3537_p2   |     -    |      0|  0|  32|          32|          32|
    |sub_ln33_88_fu_3559_p2   |     -    |      0|  0|  32|           1|          32|
    |sub_ln33_89_fu_3571_p2   |     -    |      0|  0|  32|          32|          32|
    |sub_ln33_8_fu_982_p2     |     -    |      0|  0|  32|           1|          32|
    |sub_ln33_90_fu_3765_p2   |     -    |      0|  0|  32|          32|          32|
    |sub_ln33_91_fu_3815_p2   |     -    |      0|  0|  39|          32|          32|
    |sub_ln33_98_fu_747_p2    |     -    |      0|  0|  32|           1|          32|
    |sub_ln33_99_fu_1294_p2   |     -    |      0|  0|  32|           1|          32|
    |sub_ln33_9_fu_994_p2     |     -    |      0|  0|  32|          32|          32|
    |sub_ln33_fu_725_p2       |     -    |      0|  0|  39|          32|          32|
    +-------------------------+----------+-------+---+----+------------+------------+
    |Total                    |          |     18|  0|8407|        6990|        7865|
    +-------------------------+----------+-------+---+----+------------+------------+

    * Multiplexer: 
    +-----------------+----+-----------+-----+-----------+
    |       Name      | LUT| Input Size| Bits| Total Bits|
    +-----------------+----+-----------+-----+-----------+
    |ap_NS_fsm        |  62|         15|    1|         15|
    |x_ap_vld_in_sig  |   9|          2|    1|          2|
    |x_ap_vld_preg    |   9|          2|    1|          2|
    |x_blk_n          |   9|          2|    1|          2|
    |x_in_sig         |   9|          2|   32|         64|
    +-----------------+----+-----------+-----+-----------+
    |Total            |  98|         23|   36|         85|
    +-----------------+----+-----------+-----+-----------+

    * Register: 
    +------------------------------+----+----+-----+-----------+
    |             Name             | FF | LUT| Bits| Const Bits|
    +------------------------------+----+----+-----+-----------+
    |add_ln33_100_reg_4189         |  32|   0|   32|          0|
    |add_ln33_102_reg_4199         |  32|   0|   32|          0|
    |add_ln33_105_reg_4259         |  32|   0|   32|          0|
    |add_ln33_106_reg_4264         |  31|   0|   32|          1|
    |add_ln33_107_reg_4269         |  31|   0|   32|          1|
    |add_ln33_111_reg_4274         |  31|   0|   32|          1|
    |add_ln33_112_reg_4279         |  31|   0|   32|          1|
    |add_ln33_116_reg_4309         |  32|   0|   32|          0|
    |add_ln33_118_reg_4284         |  31|   0|   32|          1|
    |add_ln33_119_reg_4289         |  31|   0|   32|          1|
    |add_ln33_120_reg_4294         |  31|   0|   32|          1|
    |add_ln33_123_reg_4299         |  31|   0|   32|          1|
    |add_ln33_127_reg_4224         |  32|   0|   32|          0|
    |add_ln33_130_reg_4314         |  32|   0|   32|          0|
    |add_ln33_135_reg_4139         |  32|   0|   32|          0|
    |add_ln33_14_reg_3919          |  32|   0|   32|          0|
    |add_ln33_19_reg_3924          |  32|   0|   32|          0|
    |add_ln33_23_reg_3939          |  32|   0|   32|          0|
    |add_ln33_26_reg_3944          |  32|   0|   32|          0|
    |add_ln33_29_reg_3979          |  32|   0|   32|          0|
    |add_ln33_30_reg_3984          |  31|   0|   32|          1|
    |add_ln33_34_reg_3989          |  31|   0|   32|          1|
    |add_ln33_35_reg_3994          |  31|   0|   32|          1|
    |add_ln33_36_reg_3969          |  32|   0|   32|          0|
    |add_ln33_3_reg_3909           |  32|   0|   32|          0|
    |add_ln33_44_reg_4039          |  32|   0|   32|          0|
    |add_ln33_46_reg_4044          |  32|   0|   32|          0|
    |add_ln33_49_reg_4049          |  31|   0|   32|          1|
    |add_ln33_57_reg_4054          |  31|   0|   32|          1|
    |add_ln33_59_reg_4059          |  32|   0|   32|          0|
    |add_ln33_62_reg_4064          |  32|   0|   32|          0|
    |add_ln33_68_reg_4099          |  31|   0|   32|          1|
    |add_ln33_70_reg_4119          |  32|   0|   32|          0|
    |add_ln33_72_reg_4104          |  31|   0|   32|          1|
    |add_ln33_73_reg_4109          |  31|   0|   32|          1|
    |add_ln33_74_reg_4074          |  32|   0|   32|          0|
    |add_ln33_76_reg_4124          |  32|   0|   32|          0|
    |add_ln33_79_reg_4169          |  32|   0|   32|          0|
    |add_ln33_80_reg_4174          |  32|   0|   32|          0|
    |add_ln33_87_reg_4179          |  31|   0|   32|          1|
    |add_ln33_89_reg_4194          |  32|   0|   32|          0|
    |add_ln33_95_reg_4184          |  31|   0|   32|          1|
    |add_ln33_9_reg_3914           |  32|   0|   32|          0|
    |add_ln36_3_reg_4324           |  32|   0|   32|          0|
    |add_ln36_reg_4334             |  32|   0|   32|          0|
    |ap_CS_fsm                     |  14|   0|   14|          0|
    |delay_line                    |  32|   0|   32|          0|
    |delay_line_0                  |  32|   0|   32|          0|
    |delay_line_1                  |  32|   0|   32|          0|
    |delay_line_10                 |  32|   0|   32|          0|
    |delay_line_11                 |  32|   0|   32|          0|
    |delay_line_12                 |  32|   0|   32|          0|
    |delay_line_125                |  32|   0|   32|          0|
    |delay_line_126                |  32|   0|   32|          0|
    |delay_line_127                |  32|   0|   32|          0|
    |delay_line_128                |  32|   0|   32|          0|
    |delay_line_129                |  32|   0|   32|          0|
    |delay_line_13                 |  32|   0|   32|          0|
    |delay_line_130                |  32|   0|   32|          0|
    |delay_line_131                |  32|   0|   32|          0|
    |delay_line_132                |  32|   0|   32|          0|
    |delay_line_133                |  32|   0|   32|          0|
    |delay_line_134                |  32|   0|   32|          0|
    |delay_line_135                |  32|   0|   32|          0|
    |delay_line_136                |  32|   0|   32|          0|
    |delay_line_137                |  32|   0|   32|          0|
    |delay_line_138                |  32|   0|   32|          0|
    |delay_line_139                |  32|   0|   32|          0|
    |delay_line_14                 |  32|   0|   32|          0|
    |delay_line_140                |  32|   0|   32|          0|
    |delay_line_141                |  32|   0|   32|          0|
    |delay_line_142                |  32|   0|   32|          0|
    |delay_line_142_load_reg_3904  |  32|   0|   32|          0|
    |delay_line_143                |  32|   0|   32|          0|
    |delay_line_144                |  32|   0|   32|          0|
    |delay_line_145                |  32|   0|   32|          0|
    |delay_line_146                |  32|   0|   32|          0|
    |delay_line_147                |  32|   0|   32|          0|
    |delay_line_148                |  32|   0|   32|          0|
    |delay_line_149                |  32|   0|   32|          0|
    |delay_line_15                 |  32|   0|   32|          0|
    |delay_line_150                |  32|   0|   32|          0|
    |delay_line_16                 |  32|   0|   32|          0|
    |delay_line_17                 |  32|   0|   32|          0|
    |delay_line_18                 |  32|   0|   32|          0|
    |delay_line_19                 |  32|   0|   32|          0|
    |delay_line_1_load_reg_4319    |  32|   0|   32|          0|
    |delay_line_2                  |  32|   0|   32|          0|
    |delay_line_20                 |  32|   0|   32|          0|
    |delay_line_21                 |  32|   0|   32|          0|
    |delay_line_22                 |  32|   0|   32|          0|
    |delay_line_23                 |  32|   0|   32|          0|
    |delay_line_24                 |  32|   0|   32|          0|
    |delay_line_25                 |  32|   0|   32|          0|
    |delay_line_26                 |  32|   0|   32|          0|
    |delay_line_27                 |  32|   0|   32|          0|
    |delay_line_28                 |  32|   0|   32|          0|
    |delay_line_29                 |  32|   0|   32|          0|
    |delay_line_3                  |  32|   0|   32|          0|
    |delay_line_30                 |  32|   0|   32|          0|
    |delay_line_31                 |  32|   0|   32|          0|
    |delay_line_32                 |  32|   0|   32|          0|
    |delay_line_33                 |  32|   0|   32|          0|
    |delay_line_33_load_reg_4204   |  32|   0|   32|          0|
    |delay_line_34                 |  32|   0|   32|          0|
    |delay_line_35                 |  32|   0|   32|          0|
    |delay_line_36                 |  32|   0|   32|          0|
    |delay_line_37                 |  32|   0|   32|          0|
    |delay_line_38                 |  32|   0|   32|          0|
    |delay_line_39                 |  32|   0|   32|          0|
    |delay_line_4                  |  32|   0|   32|          0|
    |delay_line_40                 |  32|   0|   32|          0|
    |delay_line_40_load_reg_4159   |  32|   0|   32|          0|
    |delay_line_41                 |  32|   0|   32|          0|
    |delay_line_42                 |  32|   0|   32|          0|
    |delay_line_43                 |  32|   0|   32|          0|
    |delay_line_44                 |  32|   0|   32|          0|
    |delay_line_45                 |  32|   0|   32|          0|
    |delay_line_46                 |  32|   0|   32|          0|
    |delay_line_47                 |  32|   0|   32|          0|
    |delay_line_47_load_reg_4154   |  32|   0|   32|          0|
    |delay_line_48                 |  32|   0|   32|          0|
    |delay_line_49                 |  32|   0|   32|          0|
    |delay_line_5                  |  32|   0|   32|          0|
    |delay_line_50                 |  32|   0|   32|          0|
    |delay_line_51                 |  32|   0|   32|          0|
    |delay_line_52                 |  32|   0|   32|          0|
    |delay_line_53                 |  32|   0|   32|          0|
    |delay_line_54                 |  32|   0|   32|          0|
    |delay_line_55                 |  32|   0|   32|          0|
    |delay_line_55_load_reg_4069   |  32|   0|   32|          0|
    |delay_line_56                 |  32|   0|   32|          0|
    |delay_line_57                 |  32|   0|   32|          0|
    |delay_line_58                 |  32|   0|   32|          0|
    |delay_line_59                 |  32|   0|   32|          0|
    |delay_line_6                  |  32|   0|   32|          0|
    |delay_line_60                 |  32|   0|   32|          0|
    |delay_line_61                 |  32|   0|   32|          0|
    |delay_line_62                 |  32|   0|   32|          0|
    |delay_line_62_load_reg_4094   |  32|   0|   32|          0|
    |delay_line_63                 |  32|   0|   32|          0|
    |delay_line_64                 |  32|   0|   32|          0|
    |delay_line_65                 |  32|   0|   32|          0|
    |delay_line_66                 |  32|   0|   32|          0|
    |delay_line_67                 |  32|   0|   32|          0|
    |delay_line_68                 |  32|   0|   32|          0|
    |delay_line_69                 |  32|   0|   32|          0|
    |delay_line_7                  |  32|   0|   32|          0|
    |delay_line_70                 |  32|   0|   32|          0|
    |delay_line_71                 |  32|   0|   32|          0|
    |delay_line_71_load_reg_4024   |  32|   0|   32|          0|
    |delay_line_72                 |  32|   0|   32|          0|
    |delay_line_73                 |  32|   0|   32|          0|
    |delay_line_74                 |  32|   0|   32|          0|
    |delay_line_75                 |  32|   0|   32|          0|
    |delay_line_76                 |  32|   0|   32|          0|
    |delay_line_77                 |  32|   0|   32|          0|
    |delay_line_78                 |  32|   0|   32|          0|
    |delay_line_79                 |  32|   0|   32|          0|
    |delay_line_7_load_reg_4219    |  32|   0|   32|          0|
    |delay_line_8                  |  32|   0|   32|          0|
    |delay_line_80                 |  32|   0|   32|          0|
    |delay_line_81                 |  32|   0|   32|          0|
    |delay_line_81_load_reg_4009   |  32|   0|   32|          0|
    |delay_line_82                 |  32|   0|   32|          0|
    |delay_line_83                 |  32|   0|   32|          0|
    |delay_line_84                 |  32|   0|   32|          0|
    |delay_line_85                 |  32|   0|   32|          0|
    |delay_line_86                 |  32|   0|   32|          0|
    |delay_line_87                 |  32|   0|   32|          0|
    |delay_line_87_load_reg_3964   |  32|   0|   32|          0|
    |delay_line_88                 |  32|   0|   32|          0|
    |delay_line_89                 |  32|   0|   32|          0|
    |delay_line_9                  |  32|   0|   32|          0|
    |delay_line_90                 |  32|   0|   32|          0|
    |delay_line_91                 |  32|   0|   32|          0|
    |delay_line_92                 |  32|   0|   32|          0|
    |delay_line_93                 |  32|   0|   32|          0|
    |delay_line_94                 |  32|   0|   32|          0|
    |delay_line_95                 |  32|   0|   32|          0|
    |delay_line_96                 |  32|   0|   32|          0|
    |delay_line_97                 |  32|   0|   32|          0|
    |delay_line_97_load_reg_3949   |  32|   0|   32|          0|
    |delay_line_98                 |  32|   0|   32|          0|
    |delay_line_99                 |  32|   0|   32|          0|
    |mul_ln33_10_reg_4089          |  32|   0|   32|          0|
    |mul_ln33_11_reg_4114          |  32|   0|   32|          0|
    |mul_ln33_12_reg_4144          |  32|   0|   32|          0|
    |mul_ln33_13_reg_4149          |  32|   0|   32|          0|
    |mul_ln33_14_reg_4164          |  32|   0|   32|          0|
    |mul_ln33_15_reg_4134          |  32|   0|   32|          0|
    |mul_ln33_16_reg_4209          |  32|   0|   32|          0|
    |mul_ln33_17_reg_4214          |  32|   0|   32|          0|
    |mul_ln33_18_reg_4304          |  32|   0|   32|          0|
    |mul_ln33_1_reg_3934           |  32|   0|   32|          0|
    |mul_ln33_2_reg_3954           |  32|   0|   32|          0|
    |mul_ln33_3_reg_3959           |  32|   0|   32|          0|
    |mul_ln33_4_reg_3999           |  32|   0|   32|          0|
    |mul_ln33_5_reg_4014           |  32|   0|   32|          0|
    |mul_ln33_6_reg_4019           |  32|   0|   32|          0|
    |mul_ln33_7_reg_4029           |  32|   0|   32|          0|
    |mul_ln33_8_reg_4034           |  32|   0|   32|          0|
    |mul_ln33_9_reg_4084           |  32|   0|   32|          0|
    |mul_ln33_reg_3929             |  32|   0|   32|          0|
    |mul_ln36_reg_4339             |  32|   0|   32|          0|
    |sub_ln33_18_reg_4004          |  32|   0|   32|          0|
    |sub_ln33_21_reg_4079          |  32|   0|   32|          0|
    |sub_ln33_3_reg_3974           |  31|   0|   32|          1|
    |sub_ln33_61_reg_4229          |  31|   0|   32|          1|
    |sub_ln33_63_reg_4234          |  31|   0|   32|          1|
    |sub_ln33_83_reg_4239          |  31|   0|   32|          1|
    |sub_ln33_85_reg_4244          |  31|   0|   32|          1|
    |sub_ln33_87_reg_4249          |  31|   0|   32|          1|
    |sub_ln33_89_reg_4254          |  31|   0|   32|          1|
    |sub_ln33_91_reg_4329          |  32|   0|   32|          0|
    |x_ap_vld_preg                 |   1|   0|    1|          0|
    |x_preg                        |  32|   0|   32|          0|
    +------------------------------+----+----+-----+-----------+
    |Total                         |6870|   0| 6895|         25|
    +------------------------------+----+----+-----+-----------+



================================================================
== Interface
================================================================
* Summary: 
+----------+-----+-----+------------+--------------+--------------+
| RTL Ports| Dir | Bits|  Protocol  | Source Object|    C Type    |
+----------+-----+-----+------------+--------------+--------------+
|ap_clk    |  in |    1| ap_ctrl_hs |      fir     | return value |
|ap_rst    |  in |    1| ap_ctrl_hs |      fir     | return value |
|ap_start  |  in |    1| ap_ctrl_hs |      fir     | return value |
|ap_done   | out |    1| ap_ctrl_hs |      fir     | return value |
|ap_idle   | out |    1| ap_ctrl_hs |      fir     | return value |
|ap_ready  | out |    1| ap_ctrl_hs |      fir     | return value |
|y         | out |   32|   ap_vld   |       y      |    pointer   |
|y_ap_vld  | out |    1|   ap_vld   |       y      |    pointer   |
|x         |  in |   32|   ap_vld   |       x      |    scalar    |
|x_ap_vld  |  in |    1|   ap_vld   |       x      |    scalar    |
+----------+-----+-----+------------+--------------+--------------+

