

================================================================
== Vivado HLS Report for 'cordiccart2pol'
================================================================
* Date:           Tue Oct 20 22:08:19 2020

* Version:        2020.1 (Build 2897737 on Wed May 27 20:21:37 MDT 2020)
* Project:        cordiccart2pol4
* Solution:       solution1
* Product family: zynq
* Target device:  xc7z020-clg400-1


================================================================
== Performance Estimates
================================================================
+ Timing: 
    * Summary: 
    +--------+----------+----------+------------+
    |  Clock |  Target  | Estimated| Uncertainty|
    +--------+----------+----------+------------+
    |ap_clk  | 10.00 ns | 8.670 ns |   1.25 ns  |
    +--------+----------+----------+------------+

+ Latency: 
    * Summary: 
    +---------+---------+----------+----------+-----+-----+---------+
    |  Latency (cycles) |  Latency (absolute) |  Interval | Pipeline|
    |   min   |   max   |    min   |    max   | min | max |   Type  |
    +---------+---------+----------+----------+-----+-----+---------+
    |       17|       17| 0.170 us | 0.170 us |   17|   17|   none  |
    +---------+---------+----------+----------+-----+-----+---------+

    + Detail: 
        * Instance: 
        N/A

        * Loop: 
        N/A



================================================================
== Utilization Estimates
================================================================
* Summary: 
+-----------------+---------+-------+--------+-------+-----+
|       Name      | BRAM_18K| DSP48E|   FF   |  LUT  | URAM|
+-----------------+---------+-------+--------+-------+-----+
|DSP              |        -|      -|       -|      -|    -|
|Expression       |        -|      -|      80|   8442|    -|
|FIFO             |        -|      -|       -|      -|    -|
|Instance         |        -|      0|     200|    276|    -|
|Memory           |        -|      -|       -|      -|    -|
|Multiplexer      |        -|      -|       -|    165|    -|
|Register         |        -|      -|    1811|      -|    -|
+-----------------+---------+-------+--------+-------+-----+
|Total            |        0|      0|    2091|   8883|    0|
+-----------------+---------+-------+--------+-------+-----+
|Available        |      280|    220|  106400|  53200|    0|
+-----------------+---------+-------+--------+-------+-----+
|Utilization (%)  |        0|      0|       1|     16|    0|
+-----------------+---------+-------+--------+-------+-----+

+ Detail: 
    * Instance: 
    +-------------------------+----------------------+---------+-------+-----+-----+-----+
    |         Instance        |        Module        | BRAM_18K| DSP48E|  FF | LUT | URAM|
    +-------------------------+----------------------+---------+-------+-----+-----+-----+
    |cordiccart2pol_fpbkb_U1  |cordiccart2pol_fpbkb  |        0|      0|  100|  138|    0|
    |cordiccart2pol_fpbkb_U2  |cordiccart2pol_fpbkb  |        0|      0|  100|  138|    0|
    +-------------------------+----------------------+---------+-------+-----+-----+-----+
    |Total                    |                      |        0|      0|  200|  276|    0|
    +-------------------------+----------------------+---------+-------+-----+-----+-----+

    * DSP48E: 
    N/A

    * Memory: 
    N/A

    * FIFO: 
    N/A

    * Expression: 
    +-----------------------------+----------+-------+----+-----+------------+------------+
    |        Variable Name        | Operation| DSP48E| FF | LUT | Bitwidth P0| Bitwidth P1|
    +-----------------------------+----------+-------+----+-----+------------+------------+
    |add_ln581_1_fu_478_p2        |     +    |      0|   0|   12|           6|          12|
    |add_ln581_fu_370_p2          |     +    |      0|   0|   12|           6|          12|
    |add_ln703_10_fu_1954_p2      |     +    |      0|   0|   34|          27|          27|
    |add_ln703_11_fu_2052_p2      |     +    |      0|   0|   34|          27|          27|
    |add_ln703_12_fu_2173_p2      |     +    |      0|   0|   34|          27|          27|
    |add_ln703_13_fu_2271_p2      |     +    |      0|   0|   34|          27|          27|
    |add_ln703_14_fu_2392_p2      |     +    |      0|   0|   34|          27|          27|
    |add_ln703_15_fu_2490_p2      |     +    |      0|   0|   34|          27|          27|
    |add_ln703_16_fu_893_p2       |     +    |      0|   0|   34|          25|          27|
    |add_ln703_17_fu_981_p2       |     +    |      0|   0|   34|          23|          27|
    |add_ln703_18_fu_987_p2       |     +    |      0|   0|   34|          24|          27|
    |add_ln703_19_fu_1037_p2      |     +    |      0|   0|   34|          27|          27|
    |add_ln703_1_fu_957_p2        |     +    |      0|   0|   34|          27|          27|
    |add_ln703_20_fu_1078_p2      |     +    |      0|   0|   34|          27|          27|
    |add_ln703_21_fu_1100_p2      |     +    |      0|   0|   34|          22|          27|
    |add_ln703_22_fu_1105_p2      |     +    |      0|   0|   34|          23|          27|
    |add_ln703_23_fu_1142_p2      |     +    |      0|   0|   34|          27|          27|
    |add_ln703_24_fu_1200_p2      |     +    |      0|   0|   34|          21|          27|
    |add_ln703_25_fu_1206_p2      |     +    |      0|   0|   34|          22|          27|
    |add_ln703_26_fu_1256_p2      |     +    |      0|   0|   34|          27|          27|
    |add_ln703_27_fu_1319_p2      |     +    |      0|   0|   34|          20|          27|
    |add_ln703_28_fu_1324_p2      |     +    |      0|   0|   34|          21|          27|
    |add_ln703_29_fu_1361_p2      |     +    |      0|   0|   34|          27|          27|
    |add_ln703_2_fu_887_p2        |     +    |      0|   0|   34|          24|          27|
    |add_ln703_30_fu_1419_p2      |     +    |      0|   0|   34|          19|          27|
    |add_ln703_31_fu_1425_p2      |     +    |      0|   0|   34|          20|          27|
    |add_ln703_32_fu_1475_p2      |     +    |      0|   0|   34|          27|          27|
    |add_ln703_33_fu_1538_p2      |     +    |      0|   0|   34|          18|          27|
    |add_ln703_34_fu_1543_p2      |     +    |      0|   0|   34|          19|          27|
    |add_ln703_35_fu_1580_p2      |     +    |      0|   0|   34|          27|          27|
    |add_ln703_36_fu_1638_p2      |     +    |      0|   0|   34|          17|          27|
    |add_ln703_37_fu_1644_p2      |     +    |      0|   0|   34|          18|          27|
    |add_ln703_38_fu_1694_p2      |     +    |      0|   0|   34|          27|          27|
    |add_ln703_39_fu_1757_p2      |     +    |      0|   0|   34|          16|          27|
    |add_ln703_3_fu_1176_p2       |     +    |      0|   0|   34|          27|          27|
    |add_ln703_40_fu_1762_p2      |     +    |      0|   0|   34|          17|          27|
    |add_ln703_41_fu_1799_p2      |     +    |      0|   0|   34|          27|          27|
    |add_ln703_42_fu_1857_p2      |     +    |      0|   0|   34|          15|          27|
    |add_ln703_43_fu_1863_p2      |     +    |      0|   0|   34|          16|          27|
    |add_ln703_44_fu_1913_p2      |     +    |      0|   0|   34|          27|          27|
    |add_ln703_45_fu_1976_p2      |     +    |      0|   0|   34|          14|          27|
    |add_ln703_46_fu_1981_p2      |     +    |      0|   0|   34|          15|          27|
    |add_ln703_47_fu_2018_p2      |     +    |      0|   0|   34|          27|          27|
    |add_ln703_48_fu_2076_p2      |     +    |      0|   0|   34|          13|          27|
    |add_ln703_49_fu_2082_p2      |     +    |      0|   0|   34|          14|          27|
    |add_ln703_4_fu_1297_p2       |     +    |      0|   0|   34|          27|          27|
    |add_ln703_50_fu_2132_p2      |     +    |      0|   0|   34|          27|          27|
    |add_ln703_51_fu_2195_p2      |     +    |      0|   0|   34|          12|          27|
    |add_ln703_52_fu_2200_p2      |     +    |      0|   0|   34|          13|          27|
    |add_ln703_53_fu_2237_p2      |     +    |      0|   0|   34|          27|          27|
    |add_ln703_54_fu_2295_p2      |     +    |      0|   0|   34|          11|          27|
    |add_ln703_55_fu_2301_p2      |     +    |      0|   0|   34|          12|          27|
    |add_ln703_56_fu_2351_p2      |     +    |      0|   0|   34|          27|          27|
    |add_ln703_57_fu_2414_p2      |     +    |      0|   0|   34|          10|          27|
    |add_ln703_58_fu_2419_p2      |     +    |      0|   0|   34|          11|          27|
    |add_ln703_59_fu_2456_p2      |     +    |      0|   0|   34|          27|          27|
    |add_ln703_5_fu_1395_p2       |     +    |      0|   0|   34|          27|          27|
    |add_ln703_60_fu_2506_p2      |     +    |      0|   0|   34|           9|          27|
    |add_ln703_61_fu_2512_p2      |     +    |      0|   0|   34|          10|          27|
    |add_ln703_62_fu_2765_p2      |     +    |      0|   0|   31|          24|          24|
    |add_ln703_63_fu_2775_p2      |     +    |      0|   0|   34|          27|          27|
    |add_ln703_64_fu_2781_p2      |     +    |      0|   0|    8|          21|          21|
    |add_ln703_65_fu_2787_p2      |     +    |      0|   0|   25|          18|          18|
    |add_ln703_66_fu_2797_p2      |     +    |      0|   0|    8|          21|          21|
    |add_ln703_67_fu_2886_p2      |     +    |      0|   0|    8|          27|          27|
    |add_ln703_68_fu_2803_p2      |     +    |      0|   0|   23|          16|          16|
    |add_ln703_69_fu_2809_p2      |     +    |      0|   0|   13|          11|          11|
    |add_ln703_6_fu_1516_p2       |     +    |      0|   0|   34|          27|          27|
    |add_ln703_70_fu_2894_p2      |     +    |      0|   0|    8|          16|          16|
    |add_ln703_71_fu_2815_p2      |     +    |      0|   0|    8|           9|           9|
    |add_ln703_72_fu_2821_p2      |     +    |      0|   0|   15|           6|           6|
    |add_ln703_73_fu_2831_p2      |     +    |      0|   0|    8|           9|           9|
    |add_ln703_74_fu_2902_p2      |     +    |      0|   0|    8|          16|          16|
    |add_ln703_75_fu_2912_p2      |     +    |      0|   0|    8|          27|          27|
    |add_ln703_7_fu_1614_p2       |     +    |      0|   0|   34|          27|          27|
    |add_ln703_8_fu_1735_p2       |     +    |      0|   0|   34|          27|          27|
    |add_ln703_9_fu_1833_p2       |     +    |      0|   0|   34|          27|          27|
    |add_ln703_fu_867_p2          |     +    |      0|   0|   34|          27|          27|
    |add_ln949_1_fu_3282_p2       |     +    |      0|   0|   34|           6|          27|
    |add_ln949_fu_3000_p2         |     +    |      0|   0|   34|           6|          27|
    |add_ln958_1_fu_3324_p2       |     +    |      0|   0|   39|           6|          32|
    |add_ln958_fu_3050_p2         |     +    |      0|   0|   39|           6|          32|
    |add_ln964_1_fu_3391_p2       |     +    |      0|   0|    8|           8|           8|
    |add_ln964_fu_3163_p2         |     +    |      0|   0|    8|           8|           8|
    |lsb_index_1_fu_3209_p2       |     +    |      0|   0|   39|           6|          32|
    |lsb_index_fu_2927_p2         |     +    |      0|   0|   39|           6|          32|
    |m_12_fu_3353_p2              |     +    |      0|   0|   39|          32|          32|
    |m_2_fu_3079_p2               |     +    |      0|   0|   39|          32|          32|
    |F2_1_fu_466_p2               |     -    |      0|   0|   12|          11|          12|
    |F2_fu_358_p2                 |     -    |      0|   0|   12|          11|          12|
    |man_V_1_fu_338_p2            |     -    |      0|   0|   61|           1|          54|
    |man_V_4_fu_446_p2            |     -    |      0|   0|   61|           1|          54|
    |sub_ln581_1_fu_484_p2        |     -    |      0|   0|   12|           5|          12|
    |sub_ln581_fu_376_p2          |     -    |      0|   0|   12|           5|          12|
    |sub_ln703_10_fu_1963_p2      |     -    |      0|   0|   34|          27|          27|
    |sub_ln703_11_fu_2062_p2      |     -    |      0|   0|   34|          27|          27|
    |sub_ln703_12_fu_2182_p2      |     -    |      0|   0|   34|          27|          27|
    |sub_ln703_13_fu_2281_p2      |     -    |      0|   0|   34|          27|          27|
    |sub_ln703_14_fu_2401_p2      |     -    |      0|   0|   34|          27|          27|
    |sub_ln703_15_fu_2500_p2      |     -    |      0|   0|   34|          27|          27|
    |sub_ln703_16_fu_1031_p2      |     -    |      0|   0|   34|          27|          27|
    |sub_ln703_17_fu_1087_p2      |     -    |      0|   0|   34|          27|          27|
    |sub_ln703_18_fu_1136_p2      |     -    |      0|   0|   34|          27|          27|
    |sub_ln703_19_fu_1250_p2      |     -    |      0|   0|   34|          27|          27|
    |sub_ln703_1_fu_967_p2        |     -    |      0|   0|   34|          27|          27|
    |sub_ln703_20_fu_1355_p2      |     -    |      0|   0|   34|          27|          27|
    |sub_ln703_21_fu_1469_p2      |     -    |      0|   0|   34|          27|          27|
    |sub_ln703_22_fu_1574_p2      |     -    |      0|   0|   34|          27|          27|
    |sub_ln703_23_fu_1688_p2      |     -    |      0|   0|   34|          27|          27|
    |sub_ln703_24_fu_1793_p2      |     -    |      0|   0|   34|          27|          27|
    |sub_ln703_25_fu_1907_p2      |     -    |      0|   0|   34|          27|          27|
    |sub_ln703_26_fu_2012_p2      |     -    |      0|   0|   34|          27|          27|
    |sub_ln703_27_fu_2126_p2      |     -    |      0|   0|   34|          27|          27|
    |sub_ln703_28_fu_2231_p2      |     -    |      0|   0|   34|          27|          27|
    |sub_ln703_29_fu_2345_p2      |     -    |      0|   0|   34|          27|          27|
    |sub_ln703_2_fu_923_p2        |     -    |      0|   0|   34|          27|          27|
    |sub_ln703_30_fu_2450_p2      |     -    |      0|   0|   34|          27|          27|
    |sub_ln703_3_fu_1186_p2       |     -    |      0|   0|   34|          27|          27|
    |sub_ln703_4_fu_1306_p2       |     -    |      0|   0|   34|          27|          27|
    |sub_ln703_5_fu_1405_p2       |     -    |      0|   0|   34|          27|          27|
    |sub_ln703_6_fu_1525_p2       |     -    |      0|   0|   34|          27|          27|
    |sub_ln703_7_fu_1624_p2       |     -    |      0|   0|   34|          27|          27|
    |sub_ln703_8_fu_1744_p2       |     -    |      0|   0|   34|          27|          27|
    |sub_ln703_9_fu_1843_p2       |     -    |      0|   0|   34|          27|          27|
    |sub_ln703_fu_873_p2          |     -    |      0|   0|   34|          27|          27|
    |sub_ln944_1_fu_3200_p2       |     -    |      0|   0|   39|           5|          32|
    |sub_ln944_fu_2918_p2         |     -    |      0|   0|   39|           5|          32|
    |sub_ln947_1_fu_3235_p2       |     -    |      0|   0|   15|           5|           5|
    |sub_ln947_fu_2953_p2         |     -    |      0|   0|   15|           5|           5|
    |sub_ln958_1_fu_3335_p2       |     -    |      0|   0|   39|           5|          32|
    |sub_ln958_fu_3061_p2         |     -    |      0|   0|   39|           5|          32|
    |sub_ln964_1_fu_3386_p2       |     -    |      0|   0|    8|           2|           8|
    |sub_ln964_fu_3158_p2         |     -    |      0|   0|    8|           2|           8|
    |tmp_V_2_fu_3107_p2           |     -    |      0|   0|   34|           1|          27|
    |tmp_V_fu_2842_p2             |     -    |      0|   0|   34|           1|          27|
    |a_1_fu_3262_p2               |    and   |      0|   0|    2|           1|           1|
    |a_fu_2980_p2                 |    and   |      0|   0|    2|           1|           1|
    |and_ln581_1_fu_708_p2        |    and   |      0|   0|    2|           1|           1|
    |and_ln581_fu_580_p2          |    and   |      0|   0|    2|           1|           1|
    |and_ln582_1_fu_686_p2        |    and   |      0|   0|    2|           1|           1|
    |and_ln582_fu_558_p2          |    and   |      0|   0|    2|           1|           1|
    |and_ln585_1_fu_605_p2        |    and   |      0|   0|    2|           1|           1|
    |and_ln585_2_fu_719_p2        |    and   |      0|   0|    2|           1|           1|
    |and_ln585_3_fu_733_p2        |    and   |      0|   0|    2|           1|           1|
    |and_ln585_fu_591_p2          |    and   |      0|   0|    2|           1|           1|
    |and_ln603_1_fu_758_p2        |    and   |      0|   0|    2|           1|           1|
    |and_ln603_fu_630_p2          |    and   |      0|   0|    2|           1|           1|
    |and_ln949_1_fu_3295_p2       |    and   |      0|   0|    2|           1|           1|
    |and_ln949_fu_3013_p2         |    and   |      0|   0|    2|           1|           1|
    |p_Result_13_fu_3251_p2       |    and   |      0|   0|   27|          27|          27|
    |p_Result_8_fu_2969_p2        |    and   |      0|   0|   27|          27|          27|
    |ashr_ln586_1_fu_653_p2       |   ashr   |      0|   0|  162|          54|          54|
    |ashr_ln586_fu_525_p2         |   ashr   |      0|   0|  162|          54|          54|
    |l_1_fu_3136_p3               |   cttz   |      0|  40|   36|          32|           0|
    |l_fu_2871_p3                 |   cttz   |      0|  40|   36|          32|           0|
    |icmp_ln1494_10_fu_1813_p2    |   icmp   |      0|   0|   18|          27|           1|
    |icmp_ln1494_11_fu_1934_p2    |   icmp   |      0|   0|   18|          27|           1|
    |icmp_ln1494_12_fu_2032_p2    |   icmp   |      0|   0|   18|          27|           1|
    |icmp_ln1494_13_fu_2153_p2    |   icmp   |      0|   0|   18|          27|           1|
    |icmp_ln1494_14_fu_2251_p2    |   icmp   |      0|   0|   18|          27|           1|
    |icmp_ln1494_15_fu_2372_p2    |   icmp   |      0|   0|   18|          27|           1|
    |icmp_ln1494_16_fu_2470_p2    |   icmp   |      0|   0|   18|          27|           1|
    |icmp_ln1494_1_fu_861_p2      |   icmp   |      0|   0|   18|          27|           1|
    |icmp_ln1494_2_fu_937_p2      |   icmp   |      0|   0|   18|          27|           1|
    |icmp_ln1494_3_fu_1058_p2     |   icmp   |      0|   0|   18|          27|           1|
    |icmp_ln1494_4_fu_1156_p2     |   icmp   |      0|   0|   18|          27|           1|
    |icmp_ln1494_5_fu_1277_p2     |   icmp   |      0|   0|   18|          27|           1|
    |icmp_ln1494_6_fu_1375_p2     |   icmp   |      0|   0|   18|          27|           1|
    |icmp_ln1494_7_fu_1496_p2     |   icmp   |      0|   0|   18|          27|           1|
    |icmp_ln1494_8_fu_1594_p2     |   icmp   |      0|   0|   18|          27|           1|
    |icmp_ln1494_9_fu_1715_p2     |   icmp   |      0|   0|   18|          27|           1|
    |icmp_ln1494_fu_792_p2        |   icmp   |      0|   0|   18|          27|           1|
    |icmp_ln571_1_fu_460_p2       |   icmp   |      0|   0|   29|          63|           1|
    |icmp_ln571_fu_352_p2         |   icmp   |      0|   0|   29|          63|           1|
    |icmp_ln581_1_fu_472_p2       |   icmp   |      0|   0|   13|          12|           5|
    |icmp_ln581_fu_364_p2         |   icmp   |      0|   0|   13|          12|           5|
    |icmp_ln582_1_fu_498_p2       |   icmp   |      0|   0|   13|          12|           5|
    |icmp_ln582_fu_390_p2         |   icmp   |      0|   0|   13|          12|           5|
    |icmp_ln585_1_fu_639_p2       |   icmp   |      0|   0|   13|          12|           6|
    |icmp_ln585_fu_511_p2         |   icmp   |      0|   0|   13|          12|           6|
    |icmp_ln603_1_fu_644_p2       |   icmp   |      0|   0|   13|          12|           5|
    |icmp_ln603_fu_516_p2         |   icmp   |      0|   0|   13|          12|           5|
    |icmp_ln935_1_fu_3102_p2      |   icmp   |      0|   0|   18|          27|           1|
    |icmp_ln935_fu_2837_p2        |   icmp   |      0|   0|   18|          27|           1|
    |icmp_ln947_1_fu_2974_p2      |   icmp   |      0|   0|   18|          27|           1|
    |icmp_ln947_2_fu_3225_p2      |   icmp   |      0|   0|   18|          31|           1|
    |icmp_ln947_3_fu_3256_p2      |   icmp   |      0|   0|   18|          27|           1|
    |icmp_ln947_fu_2943_p2        |   icmp   |      0|   0|   18|          31|           1|
    |icmp_ln958_1_fu_3315_p2      |   icmp   |      0|   0|   18|          32|           1|
    |icmp_ln958_fu_3033_p2        |   icmp   |      0|   0|   18|          32|           1|
    |lshr_ln947_1_fu_3245_p2      |   lshr   |      0|   0|   81|           2|          27|
    |lshr_ln947_fu_2963_p2        |   lshr   |      0|   0|   81|           2|          27|
    |lshr_ln958_1_fu_3329_p2      |   lshr   |      0|   0|  101|          32|          32|
    |lshr_ln958_fu_3055_p2        |   lshr   |      0|   0|  101|          32|          32|
    |ap_block_state1              |    or    |      0|   0|    2|           1|           1|
    |or_ln581_1_fu_747_p2         |    or    |      0|   0|    2|           1|           1|
    |or_ln581_fu_619_p2           |    or    |      0|   0|    2|           1|           1|
    |or_ln582_1_fu_698_p2         |    or    |      0|   0|    2|           1|           1|
    |or_ln582_fu_570_p2           |    or    |      0|   0|    2|           1|           1|
    |or_ln949_2_fu_3019_p2        |    or    |      0|   0|    2|           1|           1|
    |or_ln949_fu_3301_p2          |    or    |      0|   0|    2|           1|           1|
    |m_10_fu_3346_p3              |  select  |      0|   0|   32|           1|          32|
    |m_1_fu_3072_p3               |  select  |      0|   0|   32|           1|          32|
    |man_V_2_fu_344_p3            |  select  |      0|   0|   54|           1|          54|
    |man_V_5_fu_452_p3            |  select  |      0|   0|   54|           1|          54|
    |r                            |  select  |      0|   0|   32|           1|           1|
    |select_ln1494_10_fu_1530_p3  |  select  |      0|   0|   27|           1|          27|
    |select_ln1494_11_fu_1586_p3  |  select  |      0|   0|   27|           1|          27|
    |select_ln1494_12_fu_1630_p3  |  select  |      0|   0|   27|           1|          27|
    |select_ln1494_13_fu_1710_p3  |  select  |      0|   0|   27|           1|          27|
    |select_ln1494_14_fu_1749_p3  |  select  |      0|   0|   27|           1|          27|
    |select_ln1494_15_fu_1805_p3  |  select  |      0|   0|   27|           1|          27|
    |select_ln1494_16_fu_1849_p3  |  select  |      0|   0|   27|           1|          27|
    |select_ln1494_17_fu_1929_p3  |  select  |      0|   0|   27|           1|          27|
    |select_ln1494_18_fu_1968_p3  |  select  |      0|   0|   27|           1|          27|
    |select_ln1494_19_fu_2024_p3  |  select  |      0|   0|   27|           1|          27|
    |select_ln1494_1_fu_1053_p3   |  select  |      0|   0|   27|           1|          27|
    |select_ln1494_20_fu_2068_p3  |  select  |      0|   0|   27|           1|          27|
    |select_ln1494_21_fu_2148_p3  |  select  |      0|   0|   27|           1|          27|
    |select_ln1494_22_fu_2187_p3  |  select  |      0|   0|   27|           1|          27|
    |select_ln1494_23_fu_2243_p3  |  select  |      0|   0|   27|           1|          27|
    |select_ln1494_24_fu_2287_p3  |  select  |      0|   0|   27|           1|          27|
    |select_ln1494_25_fu_2367_p3  |  select  |      0|   0|   27|           1|          27|
    |select_ln1494_26_fu_2406_p3  |  select  |      0|   0|   27|           1|          27|
    |select_ln1494_27_fu_2462_p3  |  select  |      0|   0|   27|           1|          27|
    |select_ln1494_28_fu_2550_p3  |  select  |      0|   0|   27|           1|          27|
    |select_ln1494_2_fu_1092_p3   |  select  |      0|   0|   27|           1|          27|
    |select_ln1494_3_fu_1148_p3   |  select  |      0|   0|   27|           1|          27|
    |select_ln1494_4_fu_1192_p3   |  select  |      0|   0|   27|           1|          27|
    |select_ln1494_5_fu_1272_p3   |  select  |      0|   0|   27|           1|          27|
    |select_ln1494_6_fu_1311_p3   |  select  |      0|   0|   27|           1|          27|
    |select_ln1494_7_fu_1367_p3   |  select  |      0|   0|   27|           1|          27|
    |select_ln1494_8_fu_1411_p3   |  select  |      0|   0|   27|           1|          27|
    |select_ln1494_9_fu_1491_p3   |  select  |      0|   0|   27|           1|          27|
    |select_ln1494_fu_973_p3      |  select  |      0|   0|   27|           1|          27|
    |select_ln203_10_fu_1431_p3   |  select  |      0|   0|   27|           1|          27|
    |select_ln203_11_fu_1447_p3   |  select  |      0|   0|   27|           1|          27|
    |select_ln203_12_fu_1548_p3   |  select  |      0|   0|   27|           1|          27|
    |select_ln203_13_fu_1563_p3   |  select  |      0|   0|   27|           1|          27|
    |select_ln203_14_fu_1650_p3   |  select  |      0|   0|   27|           1|          27|
    |select_ln203_15_fu_1666_p3   |  select  |      0|   0|   27|           1|          27|
    |select_ln203_16_fu_1767_p3   |  select  |      0|   0|   27|           1|          27|
    |select_ln203_17_fu_1782_p3   |  select  |      0|   0|   27|           1|          27|
    |select_ln203_18_fu_1869_p3   |  select  |      0|   0|   27|           1|          27|
    |select_ln203_19_fu_1885_p3   |  select  |      0|   0|   27|           1|          27|
    |select_ln203_1_fu_915_p3     |  select  |      0|   0|   27|           1|          27|
    |select_ln203_20_fu_1986_p3   |  select  |      0|   0|   27|           1|          27|
    |select_ln203_21_fu_2001_p3   |  select  |      0|   0|   27|           1|          27|
    |select_ln203_22_fu_2088_p3   |  select  |      0|   0|   27|           1|          27|
    |select_ln203_23_fu_2104_p3   |  select  |      0|   0|   27|           1|          27|
    |select_ln203_24_fu_2205_p3   |  select  |      0|   0|   27|           1|          27|
    |select_ln203_25_fu_2220_p3   |  select  |      0|   0|   27|           1|          27|
    |select_ln203_26_fu_2307_p3   |  select  |      0|   0|   27|           1|          27|
    |select_ln203_27_fu_2323_p3   |  select  |      0|   0|   27|           1|          27|
    |select_ln203_28_fu_2424_p3   |  select  |      0|   0|   27|           1|          27|
    |select_ln203_29_fu_2439_p3   |  select  |      0|   0|   27|           1|          27|
    |select_ln203_2_fu_993_p3     |  select  |      0|   0|   27|           1|          27|
    |select_ln203_30_fu_2518_p3   |  select  |      0|   0|   27|           1|          27|
    |select_ln203_31_fu_2534_p3   |  select  |      0|   0|   27|           1|          27|
    |select_ln203_3_fu_1009_p3    |  select  |      0|   0|   27|           1|          27|
    |select_ln203_4_fu_1110_p3    |  select  |      0|   0|   27|           1|          27|
    |select_ln203_5_fu_1125_p3    |  select  |      0|   0|   27|           1|          27|
    |select_ln203_6_fu_1212_p3    |  select  |      0|   0|   27|           1|          27|
    |select_ln203_7_fu_1228_p3    |  select  |      0|   0|   27|           1|          27|
    |select_ln203_8_fu_1329_p3    |  select  |      0|   0|   27|           1|          27|
    |select_ln203_9_fu_1344_p3    |  select  |      0|   0|   27|           1|          27|
    |select_ln203_fu_899_p3       |  select  |      0|   0|   27|           1|          27|
    |select_ln34_fu_879_p3        |  select  |      0|   0|   27|           1|          27|
    |select_ln39_fu_929_p3        |  select  |      0|   0|   27|           1|          27|
    |select_ln582_1_fu_691_p3     |  select  |      0|   0|   27|           1|          27|
    |select_ln582_fu_563_p3       |  select  |      0|   0|   27|           1|          27|
    |select_ln585_1_fu_611_p3     |  select  |      0|   0|   27|           1|          27|
    |select_ln585_2_fu_725_p3     |  select  |      0|   0|   27|           1|          27|
    |select_ln585_3_fu_739_p3     |  select  |      0|   0|   27|           1|          27|
    |select_ln585_fu_597_p3       |  select  |      0|   0|   27|           1|          27|
    |select_ln588_1_fu_673_p3     |  select  |      0|   0|    2|           1|           2|
    |select_ln588_2_fu_818_p3     |  select  |      0|   0|    2|           1|           2|
    |select_ln588_fu_545_p3       |  select  |      0|   0|    2|           1|           2|
    |select_ln964_1_fu_3379_p3    |  select  |      0|   0|    7|           1|           7|
    |select_ln964_fu_3151_p3      |  select  |      0|   0|    7|           1|           7|
    |sh_amt_1_fu_490_p3           |  select  |      0|   0|   12|           1|          12|
    |sh_amt_fu_382_p3             |  select  |      0|   0|   12|           1|          12|
    |theta                        |  select  |      0|   0|   32|           1|           1|
    |thetares_V_fu_842_p3         |  select  |      0|   0|   27|           1|          27|
    |thetarestemp_V_fu_806_p3     |  select  |      0|   0|   26|           1|          25|
    |tmp_V_4_fu_2847_p3           |  select  |      0|   0|   27|           1|          27|
    |tmp_V_5_fu_3112_p3           |  select  |      0|   0|   27|           1|          27|
    |xfix_V_1_fu_855_p3           |  select  |      0|   0|   27|           1|          27|
    |xfix_V_fu_772_p3             |  select  |      0|   0|   27|           1|          27|
    |yfix_V_2_fu_786_p3           |  select  |      0|   0|   27|           1|          27|
    |yfix_V_fu_849_p3             |  select  |      0|   0|   27|           1|          27|
    |ytemp1_V_fu_831_p3           |  select  |      0|   0|   27|           1|          27|
    |shl_ln604_1_fu_781_p2        |    shl   |      0|   0|   81|          27|          27|
    |shl_ln604_fu_767_p2          |    shl   |      0|   0|   81|          27|          27|
    |shl_ln958_1_fu_3340_p2       |    shl   |      0|   0|  101|          32|          32|
    |shl_ln958_fu_3066_p2         |    shl   |      0|   0|  101|          32|          32|
    |r_V_fu_826_p2                |    xor   |      0|   0|   27|          27|           2|
    |xor_ln571_1_fu_681_p2        |    xor   |      0|   0|    2|           1|           2|
    |xor_ln571_fu_553_p2          |    xor   |      0|   0|    2|           1|           2|
    |xor_ln581_1_fu_752_p2        |    xor   |      0|   0|    2|           1|           2|
    |xor_ln581_fu_624_p2          |    xor   |      0|   0|    2|           1|           2|
    |xor_ln582_1_fu_702_p2        |    xor   |      0|   0|    2|           1|           2|
    |xor_ln582_fu_574_p2          |    xor   |      0|   0|    2|           1|           2|
    |xor_ln585_1_fu_713_p2        |    xor   |      0|   0|    2|           1|           2|
    |xor_ln585_fu_585_p2          |    xor   |      0|   0|    2|           1|           2|
    |xor_ln588_fu_813_p2          |    xor   |      0|   0|    2|           1|           2|
    |xor_ln949_1_fu_3276_p2       |    xor   |      0|   0|    2|           1|           2|
    |xor_ln949_fu_2994_p2         |    xor   |      0|   0|    2|           1|           2|
    |xtemp1_V_fu_837_p2           |    xor   |      0|   0|   27|          27|          27|
    +-----------------------------+----------+-------+----+-----+------------+------------+
    |Total                        |          |      0|  80| 8442|        4141|        6270|
    +-----------------------------+----------+-------+----+-----+------------+------------+

    * Multiplexer: 
    +-----------------+----+-----------+-----+-----------+
    |       Name      | LUT| Input Size| Bits| Total Bits|
    +-----------------+----+-----------+-----+-----------+
    |ap_NS_fsm        |  93|         19|    1|         19|
    |x_ap_vld_in_sig  |   9|          2|    1|          2|
    |x_ap_vld_preg    |   9|          2|    1|          2|
    |x_blk_n          |   9|          2|    1|          2|
    |x_in_sig         |   9|          2|   32|         64|
    |y_ap_vld_in_sig  |   9|          2|    1|          2|
    |y_ap_vld_preg    |   9|          2|    1|          2|
    |y_blk_n          |   9|          2|    1|          2|
    |y_in_sig         |   9|          2|   32|         64|
    +-----------------+----+-----------+-----+-----------+
    |Total            | 165|         35|   71|        159|
    +-----------------+----+-----------+-----+-----------+

    * Register: 
    +---------------------------+----+----+-----+-----------+
    |            Name           | FF | LUT| Bits| Const Bits|
    +---------------------------+----+----+-----+-----------+
    |add_ln703_15_reg_3805      |  27|   0|   27|          0|
    |add_ln703_19_reg_3592      |  27|   0|   27|          0|
    |add_ln703_26_reg_3625      |  27|   0|   27|          0|
    |add_ln703_32_reg_3658      |  27|   0|   27|          0|
    |add_ln703_38_reg_3691      |  27|   0|   27|          0|
    |add_ln703_44_reg_3724      |  27|   0|   27|          0|
    |add_ln703_50_reg_3757      |  27|   0|   27|          0|
    |add_ln703_56_reg_3790      |  27|   0|   27|          0|
    |add_ln703_63_reg_3828      |  27|   0|   27|          0|
    |add_ln703_66_reg_3833      |  21|   0|   21|          0|
    |add_ln703_68_reg_3838      |  16|   0|   16|          0|
    |add_ln703_69_reg_3843      |  11|   0|   11|          0|
    |add_ln703_73_reg_3848      |   9|   0|    9|          0|
    |add_ln703_75_reg_3875      |  27|   0|   27|          0|
    |and_ln603_1_reg_3537       |   1|   0|    1|          0|
    |and_ln603_reg_3522         |   1|   0|    1|          0|
    |ap_CS_fsm                  |  18|   0|   18|          0|
    |icmp_ln1494_10_reg_3701    |   1|   0|    1|          0|
    |icmp_ln1494_12_reg_3734    |   1|   0|    1|          0|
    |icmp_ln1494_14_reg_3767    |   1|   0|    1|          0|
    |icmp_ln1494_16_reg_3800    |   1|   0|    1|          0|
    |icmp_ln1494_2_reg_3569     |   1|   0|    1|          0|
    |icmp_ln1494_4_reg_3602     |   1|   0|    1|          0|
    |icmp_ln1494_6_reg_3635     |   1|   0|    1|          0|
    |icmp_ln1494_8_reg_3668     |   1|   0|    1|          0|
    |icmp_ln1494_reg_3555       |   1|   0|    1|          0|
    |icmp_ln571_1_reg_3481      |   1|   0|    1|          0|
    |icmp_ln571_reg_3445        |   1|   0|    1|          0|
    |icmp_ln581_1_reg_3487      |   1|   0|    1|          0|
    |icmp_ln581_reg_3451        |   1|   0|    1|          0|
    |icmp_ln582_1_reg_3500      |   1|   0|    1|          0|
    |icmp_ln582_reg_3464        |   1|   0|    1|          0|
    |icmp_ln935_1_reg_3914      |   1|   0|    1|          0|
    |icmp_ln935_reg_3853        |   1|   0|    1|          0|
    |icmp_ln958_1_reg_3947      |   1|   0|    1|          0|
    |icmp_ln958_reg_3893        |   1|   0|    1|          0|
    |l_1_reg_3926               |  32|   0|   32|          0|
    |l_reg_3865                 |  32|   0|   32|          0|
    |m_3_reg_3952               |  31|   0|   31|          0|
    |m_s_reg_3904               |  31|   0|   31|          0|
    |man_V_2_reg_3440           |  54|   0|   54|          0|
    |man_V_5_reg_3476           |  54|   0|   54|          0|
    |or_ln949_1_reg_3942        |   1|   0|   32|         31|
    |or_ln_reg_3888             |   1|   0|   32|         31|
    |p_Result_20_reg_3822       |   1|   0|    1|          0|
    |p_Result_23_reg_3898       |   1|   0|    1|          0|
    |select_ln1494_12_reg_3673  |  27|   0|   27|          0|
    |select_ln1494_16_reg_3706  |  27|   0|   27|          0|
    |select_ln1494_20_reg_3739  |  27|   0|   27|          0|
    |select_ln1494_24_reg_3772  |  27|   0|   27|          0|
    |select_ln1494_4_reg_3607   |  27|   0|   27|          0|
    |select_ln1494_8_reg_3640   |  27|   0|   27|          0|
    |select_ln1494_reg_3574     |  27|   0|   27|          0|
    |select_ln203_11_reg_3646   |  27|   0|   27|          0|
    |select_ln203_15_reg_3679   |  27|   0|   27|          0|
    |select_ln203_19_reg_3712   |  27|   0|   27|          0|
    |select_ln203_23_reg_3745   |  27|   0|   27|          0|
    |select_ln203_27_reg_3778   |  27|   0|   27|          0|
    |select_ln203_31_reg_3815   |  27|   0|   27|          0|
    |select_ln203_3_reg_3580    |  27|   0|   27|          0|
    |select_ln203_7_reg_3613    |  27|   0|   27|          0|
    |select_ln585_1_reg_3517    |  27|   0|   27|          0|
    |select_ln585_3_reg_3532    |  27|   0|   27|          0|
    |sext_ln581_1_reg_3527      |  32|   0|   32|          0|
    |sext_ln581_reg_3512        |  32|   0|   32|          0|
    |sh_amt_1_reg_3493          |  12|   0|   12|          0|
    |sh_amt_reg_3457            |  12|   0|   12|          0|
    |sub_ln703_15_reg_3810      |  27|   0|   27|          0|
    |sub_ln703_16_reg_3587      |  27|   0|   27|          0|
    |sub_ln703_19_reg_3620      |  27|   0|   27|          0|
    |sub_ln703_21_reg_3653      |  27|   0|   27|          0|
    |sub_ln703_23_reg_3686      |  27|   0|   27|          0|
    |sub_ln703_25_reg_3719      |  27|   0|   27|          0|
    |sub_ln703_27_reg_3752      |  27|   0|   27|          0|
    |sub_ln703_29_reg_3785      |  27|   0|   27|          0|
    |sub_ln944_1_reg_3936       |  32|   0|   32|          0|
    |sub_ln944_reg_3882         |  32|   0|   32|          0|
    |tmp_28_reg_3909            |   1|   0|    1|          0|
    |tmp_32_reg_3957            |   1|   0|    1|          0|
    |tmp_8_reg_3562             |   1|   0|    1|          0|
    |tmp_V_4_reg_3858           |  27|   0|   27|          0|
    |tmp_V_5_reg_3919           |  27|   0|   27|          0|
    |trunc_ln1333_11_reg_3762   |  15|   0|   15|          0|
    |trunc_ln1333_13_reg_3795   |  13|   0|   13|          0|
    |trunc_ln1333_3_reg_3597    |  25|   0|   25|          0|
    |trunc_ln1333_4_reg_3696    |  19|   0|   19|          0|
    |trunc_ln1333_7_reg_3630    |  23|   0|   23|          0|
    |trunc_ln1333_8_reg_3729    |  17|   0|   17|          0|
    |trunc_ln1333_s_reg_3663    |  21|   0|   21|          0|
    |trunc_ln583_1_reg_3506     |  27|   0|   27|          0|
    |trunc_ln583_reg_3470       |  27|   0|   27|          0|
    |trunc_ln943_1_reg_3931     |   8|   0|    8|          0|
    |trunc_ln943_reg_3870       |   8|   0|    8|          0|
    |x_ap_vld_preg              |   1|   0|    1|          0|
    |x_preg                     |  32|   0|   32|          0|
    |xfix_V_reg_3542            |  27|   0|   27|          0|
    |y_ap_vld_preg              |   1|   0|    1|          0|
    |y_preg                     |  32|   0|   32|          0|
    |yfix_V_2_reg_3549          |  27|   0|   27|          0|
    +---------------------------+----+----+-----+-----------+
    |Total                      |1811|   0| 1873|         62|
    +---------------------------+----+----+-----+-----------+



================================================================
== Interface
================================================================
* Summary: 
+--------------+-----+-----+------------+----------------+--------------+
|   RTL Ports  | Dir | Bits|  Protocol  |  Source Object |    C Type    |
+--------------+-----+-----+------------+----------------+--------------+
|ap_clk        |  in |    1| ap_ctrl_hs | cordiccart2pol | return value |
|ap_rst        |  in |    1| ap_ctrl_hs | cordiccart2pol | return value |
|ap_start      |  in |    1| ap_ctrl_hs | cordiccart2pol | return value |
|ap_done       | out |    1| ap_ctrl_hs | cordiccart2pol | return value |
|ap_idle       | out |    1| ap_ctrl_hs | cordiccart2pol | return value |
|ap_ready      | out |    1| ap_ctrl_hs | cordiccart2pol | return value |
|x             |  in |   32|   ap_vld   |        x       |    scalar    |
|x_ap_vld      |  in |    1|   ap_vld   |        x       |    scalar    |
|y             |  in |   32|   ap_vld   |        y       |    scalar    |
|y_ap_vld      |  in |    1|   ap_vld   |        y       |    scalar    |
|r             | out |   32|   ap_vld   |        r       |    pointer   |
|r_ap_vld      | out |    1|   ap_vld   |        r       |    pointer   |
|theta         | out |   32|   ap_vld   |      theta     |    pointer   |
|theta_ap_vld  | out |    1|   ap_vld   |      theta     |    pointer   |
+--------------+-----+-----+------------+----------------+--------------+

