

================================================================
== Vivado HLS Report for 'fir'
================================================================
* Date:           Sun Oct 11 23:47:43 2020

* Version:        2020.1 (Build 2897737 on Wed May 27 20:21:37 MDT 2020)
* Project:        optimized3
* Solution:       solution1
* Product family: zynq
* Target device:  xc7z020-clg400-1


================================================================
== Performance Estimates
================================================================
+ Timing: 
    * Summary: 
    +--------+----------+----------+------------+
    |  Clock |  Target  | Estimated| Uncertainty|
    +--------+----------+----------+------------+
    |ap_clk  | 10.00 ns | 8.510 ns |   1.25 ns  |
    +--------+----------+----------+------------+

+ Latency: 
    * Summary: 
    +---------+---------+----------+----------+-----+-----+---------+
    |  Latency (cycles) |  Latency (absolute) |  Interval | Pipeline|
    |   min   |   max   |    min   |    max   | min | max |   Type  |
    +---------+---------+----------+----------+-----+-----+---------+
    |      509|      509| 5.090 us | 5.090 us |  509|  509|   none  |
    +---------+---------+----------+----------+-----+-----+---------+

    + Detail: 
        * Instance: 
        N/A

        * Loop: 
        +---------------------+---------+---------+----------+-----------+-----------+------+----------+
        |                     |  Latency (cycles) | Iteration|  Initiation Interval  | Trip |          |
        |      Loop Name      |   min   |   max   |  Latency |  achieved |   target  | Count| Pipelined|
        +---------------------+---------+---------+----------+-----------+-----------+------+----------+
        |- shift_accum_loop1  |      508|      508|         4|          -|          -|   127|    no    |
        +---------------------+---------+---------+----------+-----------+-----------+------+----------+



================================================================
== Utilization Estimates
================================================================
* Summary: 
+-----------------+---------+-------+--------+-------+-----+
|       Name      | BRAM_18K| DSP48E|   FF   |  LUT  | URAM|
+-----------------+---------+-------+--------+-------+-----+
|DSP              |        -|      -|       -|      -|    -|
|Expression       |        -|      2|       0|    151|    -|
|FIFO             |        -|      -|       -|      -|    -|
|Instance         |        -|      -|       -|      -|    -|
|Memory           |        1|      -|       5|     10|    0|
|Multiplexer      |        -|      -|       -|    123|    -|
|Register         |        -|      -|     160|      -|    -|
+-----------------+---------+-------+--------+-------+-----+
|Total            |        1|      2|     165|    284|    0|
+-----------------+---------+-------+--------+-------+-----+
|Available        |      280|    220|  106400|  53200|    0|
+-----------------+---------+-------+--------+-------+-----+
|Utilization (%)  |    ~0   |   ~0  |   ~0   |   ~0  |    0|
+-----------------+---------+-------+--------+-------+-----+

+ Detail: 
    * Instance: 
    N/A

    * DSP48E: 
    N/A

    * Memory: 
    +--------------+----------------+---------+---+----+-----+------+-----+------+-------------+
    |    Memory    |     Module     | BRAM_18K| FF| LUT| URAM| Words| Bits| Banks| W*Bits*Banks|
    +--------------+----------------+---------+---+----+-----+------+-----+------+-------------+
    |c_U           |fir_c           |        0|  5|  10|    0|   128|    5|     1|          640|
    |delay_line_U  |fir_delay_line  |        1|  0|   0|    0|   128|   32|     1|         4096|
    +--------------+----------------+---------+---+----+-----+------+-----+------+-------------+
    |Total         |                |        1|  5|  10|    0|   256|   37|     2|         4736|
    +--------------+----------------+---------+---+----+-----+------+-----+------+-------------+

    * FIFO: 
    N/A

    * Expression: 
    +---------------------+----------+-------+---+----+------------+------------+
    |    Variable Name    | Operation| DSP48E| FF| LUT| Bitwidth P0| Bitwidth P1|
    +---------------------+----------+-------+---+----+------------+------------+
    |mul_ln28_fu_166_p2   |     *    |      2|  0|  20|          32|           5|
    |add_ln31_fu_150_p2   |     +    |      0|  0|  32|          32|          32|
    |data_fu_171_p2       |     +    |      0|  0|  39|          32|          32|
    |i_fu_124_p2          |     +    |      0|  0|  15|           7|           2|
    |y                    |     +    |      0|  0|  32|          32|          32|
    |icmp_ln26_fu_118_p2  |   icmp   |      0|  0|  11|           7|           1|
    |ap_block_state1      |    or    |      0|  0|   2|           1|           1|
    +---------------------+----------+-------+---+----+------------+------------+
    |Total                |          |      2|  0| 151|         143|         105|
    +---------------------+----------+-------+---+----+------------+------------+

    * Multiplexer: 
    +---------------------+----+-----------+-----+-----------+
    |         Name        | LUT| Input Size| Bits| Total Bits|
    +---------------------+----+-----------+-----+-----------+
    |ap_NS_fsm            |  33|          6|    1|          6|
    |data_0_reg_95        |   9|          2|   32|         64|
    |delay_line_address0  |  21|          4|    7|         28|
    |delay_line_d0        |  15|          3|   32|         96|
    |i1_0_reg_107         |   9|          2|    7|         14|
    |x_ap_vld_in_sig      |   9|          2|    1|          2|
    |x_ap_vld_preg        |   9|          2|    1|          2|
    |x_blk_n              |   9|          2|    1|          2|
    |x_in_sig             |   9|          2|   32|         64|
    +---------------------+----+-----------+-----+-----------+
    |Total                | 123|         25|  114|        278|
    +---------------------+----+-----------+-----+-----------+

    * Register: 
    +-------------------------+----+----+-----+-----------+
    |           Name          | FF | LUT| Bits| Const Bits|
    +-------------------------+----+----+-----+-----------+
    |ap_CS_fsm                |   5|   0|    5|          0|
    |c_load_reg_211           |   5|   0|    5|          0|
    |data_0_reg_95            |  32|   0|   32|          0|
    |delay_line_load_reg_206  |  32|   0|   32|          0|
    |i1_0_reg_107             |   7|   0|    7|          0|
    |i_reg_186                |   7|   0|    7|          0|
    |mul_ln28_reg_216         |  32|   0|   32|          0|
    |x_ap_vld_preg            |   1|   0|    1|          0|
    |x_preg                   |  32|   0|   32|          0|
    |zext_ln27_1_reg_196      |   7|   0|   64|         57|
    +-------------------------+----+----+-----+-----------+
    |Total                    | 160|   0|  217|         57|
    +-------------------------+----+----+-----+-----------+



================================================================
== Interface
================================================================
* Summary: 
+----------+-----+-----+------------+--------------+--------------+
| RTL Ports| Dir | Bits|  Protocol  | Source Object|    C Type    |
+----------+-----+-----+------------+--------------+--------------+
|ap_clk    |  in |    1| ap_ctrl_hs |      fir     | return value |
|ap_rst    |  in |    1| ap_ctrl_hs |      fir     | return value |
|ap_start  |  in |    1| ap_ctrl_hs |      fir     | return value |
|ap_done   | out |    1| ap_ctrl_hs |      fir     | return value |
|ap_idle   | out |    1| ap_ctrl_hs |      fir     | return value |
|ap_ready  | out |    1| ap_ctrl_hs |      fir     | return value |
|y         | out |   32|   ap_vld   |       y      |    pointer   |
|y_ap_vld  | out |    1|   ap_vld   |       y      |    pointer   |
|x         |  in |   32|   ap_vld   |       x      |    scalar    |
|x_ap_vld  |  in |    1|   ap_vld   |       x      |    scalar    |
+----------+-----+-----+------------+--------------+--------------+

