

================================================================
== Vivado HLS Report for 'dft'
================================================================
* Date:           Tue Nov  3 00:20:18 2020

* Version:        2020.1 (Build 2897737 on Wed May 27 20:21:37 MDT 2020)
* Project:        hls
* Solution:       solution1
* Product family: zynq
* Target device:  xc7z020-clg484-1


================================================================
== Performance Estimates
================================================================
+ Timing: 
    * Summary: 
    +--------+----------+----------+------------+
    |  Clock |  Target  | Estimated| Uncertainty|
    +--------+----------+----------+------------+
    |ap_clk  | 10.00 ns | 8.442 ns |   1.25 ns  |
    +--------+----------+----------+------------+

+ Latency: 
    * Summary: 
    +---------+---------+-----------+-----------+---------+---------+---------+
    |  Latency (cycles) |   Latency (absolute)  |      Interval     | Pipeline|
    |   min   |   max   |    min    |    max    |   min   |   max   |   Type  |
    +---------+---------+-----------+-----------+---------+---------+---------+
    |  6035458|  6035458| 60.355 ms | 60.355 ms |  6035458|  6035458|   none  |
    +---------+---------+-----------+-----------+---------+---------+---------+

    + Detail: 
        * Instance: 
        N/A

        * Loop: 
        +-------------+---------+---------+----------+-----------+-----------+------+----------+
        |             |  Latency (cycles) | Iteration|  Initiation Interval  | Trip |          |
        |  Loop Name  |   min   |   max   |  Latency |  achieved |   target  | Count| Pipelined|
        +-------------+---------+---------+----------+-----------+-----------+------+----------+
        |- Loop 1     |     1024|     1024|         1|          -|          -|  1024|    no    |
        |- Loop 2     |  6031360|  6031360|      5890|          -|          -|  1024|    no    |
        | + Loop 2.1  |     5888|     5888|        92|          -|          -|    64|    no    |
        |- Loop 3     |     3069|     3069|         3|          -|          -|  1023|    no    |
        +-------------+---------+---------+----------+-----------+-----------+------+----------+



================================================================
== Utilization Estimates
================================================================
* Summary: 
+-----------------+---------+-------+--------+-------+-----+
|       Name      | BRAM_18K| DSP48E|   FF   |  LUT  | URAM|
+-----------------+---------+-------+--------+-------+-----+
|DSP              |        -|      -|       -|      -|    -|
|Expression       |        -|      0|       0|   1269|    -|
|FIFO             |        -|      -|       -|      -|    -|
|Instance         |        0|     20|    1428|   2884|    -|
|Memory           |       12|      -|       0|      0|    0|
|Multiplexer      |        -|      -|       -|   1036|    -|
|Register         |        -|      -|     663|      -|    -|
+-----------------+---------+-------+--------+-------+-----+
|Total            |       12|     20|    2091|   5189|    0|
+-----------------+---------+-------+--------+-------+-----+
|Available        |      280|    220|  106400|  53200|    0|
+-----------------+---------+-------+--------+-------+-----+
|Utilization (%)  |        4|      9|       1|      9|    0|
+-----------------+---------+-------+--------+-------+-----+

+ Detail: 
    * Instance: 
    +-------------------------+----------------------+---------+-------+-----+-----+-----+
    |         Instance        |        Module        | BRAM_18K| DSP48E|  FF | LUT | URAM|
    +-------------------------+----------------------+---------+-------+-----+-----+-----+
    |dft_AXILiteS_s_axi_U     |dft_AXILiteS_s_axi    |        0|      0|   36|   40|    0|
    |dft_fadd_32ns_32neOg_U2  |dft_fadd_32ns_32neOg  |        0|      2|  205|  390|    0|
    |dft_fadd_32ns_32neOg_U4  |dft_fadd_32ns_32neOg  |        0|      2|  205|  390|    0|
    |dft_faddfsub_32nsdEe_U1  |dft_faddfsub_32nsdEe  |        0|      2|  205|  390|    0|
    |dft_fmul_32ns_32ng8j_U5  |dft_fmul_32ns_32ng8j  |        0|      3|  143|  321|    0|
    |dft_fmul_32ns_32ng8j_U6  |dft_fmul_32ns_32ng8j  |        0|      3|  143|  321|    0|
    |dft_fmul_32ns_32ng8j_U7  |dft_fmul_32ns_32ng8j  |        0|      3|  143|  321|    0|
    |dft_fmul_32ns_32ng8j_U8  |dft_fmul_32ns_32ng8j  |        0|      3|  143|  321|    0|
    |dft_fsub_32ns_32nfYi_U3  |dft_fsub_32ns_32nfYi  |        0|      2|  205|  390|    0|
    +-------------------------+----------------------+---------+-------+-----+-----+-----+
    |Total                    |                      |        0|     20| 1428| 2884|    0|
    +-------------------------+----------------------+---------+-------+-----+-----+-----+

    * DSP48E: 
    N/A

    * Memory: 
    +------------------------+----------------------+---------+---+----+-----+------+-----+------+-------------+
    |         Memory         |        Module        | BRAM_18K| FF| LUT| URAM| Words| Bits| Banks| W*Bits*Banks|
    +------------------------+----------------------+---------+---+----+-----+------+-----+------+-------------+
    |cos_coefficients_tab_U  |dft_cos_coefficiebkb  |        2|  0|   0|    0|  1024|   32|     1|        32768|
    |real_sample_U           |dft_real_sample       |        2|  0|   0|    0|  1024|   32|     1|        32768|
    |imag_sample_U           |dft_real_sample       |        2|  0|   0|    0|  1024|   32|     1|        32768|
    |real_out_U              |dft_real_sample       |        2|  0|   0|    0|  1024|   32|     1|        32768|
    |imag_out_U              |dft_real_sample       |        2|  0|   0|    0|  1024|   32|     1|        32768|
    |sin_coefficients_tab_U  |dft_sin_coefficiecud  |        2|  0|   0|    0|  1024|   32|     1|        32768|
    +------------------------+----------------------+---------+---+----+-----+------+-----+------+-------------+
    |Total                   |                      |       12|  0|   0|    0|  6144|  192|     6|       196608|
    +------------------------+----------------------+---------+---+----+-----+------+-----+------+-------------+

    * FIFO: 
    N/A

    * Expression: 
    +------------------------+----------+-------+---+----+------------+------------+
    |      Variable Name     | Operation| DSP48E| FF| LUT| Bitwidth P0| Bitwidth P1|
    +------------------------+----------+-------+---+----+------------+------------+
    |mul_ln22_10_fu_1180_p2  |     *    |      0|  0|  63|          10|          10|
    |mul_ln22_11_fu_1202_p2  |     *    |      0|  0|  63|          10|          10|
    |mul_ln22_12_fu_1224_p2  |     *    |      0|  0|  63|          10|          10|
    |mul_ln22_13_fu_1246_p2  |     *    |      0|  0|  63|          10|          10|
    |mul_ln22_14_fu_1268_p2  |     *    |      0|  0|  63|          10|          10|
    |mul_ln22_15_fu_1290_p2  |     *    |      0|  0|  63|          10|          10|
    |mul_ln22_1_fu_982_p2    |     *    |      0|  0|  63|          10|          10|
    |mul_ln22_2_fu_1004_p2   |     *    |      0|  0|  63|          10|          10|
    |mul_ln22_3_fu_1026_p2   |     *    |      0|  0|  63|          10|          10|
    |mul_ln22_4_fu_1048_p2   |     *    |      0|  0|  63|          10|          10|
    |mul_ln22_5_fu_1070_p2   |     *    |      0|  0|  63|          10|          10|
    |mul_ln22_6_fu_1092_p2   |     *    |      0|  0|  63|          10|          10|
    |mul_ln22_7_fu_1114_p2   |     *    |      0|  0|  63|          10|          10|
    |mul_ln22_8_fu_1136_p2   |     *    |      0|  0|  63|          10|          10|
    |mul_ln22_9_fu_1158_p2   |     *    |      0|  0|  63|          10|          10|
    |mul_ln22_fu_954_p2      |     *    |      0|  0|  63|          10|          10|
    |add_ln20_fu_965_p2      |     +    |      0|  0|  13|           5|          11|
    |i_2_fu_926_p2           |     +    |      0|  0|  13|           1|          11|
    |i_3_fu_1307_p2          |     +    |      0|  0|  14|          10|           1|
    |i_fu_894_p2             |     +    |      0|  0|  13|          11|           1|
    |icmp_ln13_fu_888_p2     |   icmp   |      0|  0|  13|          11|          12|
    |icmp_ln19_fu_920_p2     |   icmp   |      0|  0|  13|          11|          12|
    |icmp_ln20_fu_938_p2     |   icmp   |      0|  0|  13|          11|          12|
    |icmp_ln27_fu_1301_p2    |   icmp   |      0|  0|  13|          10|           2|
    |ap_block_state100       |    or    |      0|  0|   2|           1|           1|
    |ap_block_state100_io    |    or    |      0|  0|   2|           1|           1|
    |ap_block_state2         |    or    |      0|  0|   2|           1|           1|
    |or_ln20_10_fu_1191_p2   |    or    |      0|  0|  10|          10|           4|
    |or_ln20_11_fu_1213_p2   |    or    |      0|  0|  10|          10|           4|
    |or_ln20_12_fu_1235_p2   |    or    |      0|  0|  10|          10|           4|
    |or_ln20_13_fu_1257_p2   |    or    |      0|  0|  10|          10|           4|
    |or_ln20_14_fu_1279_p2   |    or    |      0|  0|  10|          10|           4|
    |or_ln20_1_fu_993_p2     |    or    |      0|  0|  10|          10|           2|
    |or_ln20_2_fu_1015_p2    |    or    |      0|  0|  10|          10|           2|
    |or_ln20_3_fu_1037_p2    |    or    |      0|  0|  10|          10|           3|
    |or_ln20_4_fu_1059_p2    |    or    |      0|  0|  10|          10|           3|
    |or_ln20_5_fu_1081_p2    |    or    |      0|  0|  10|          10|           3|
    |or_ln20_6_fu_1103_p2    |    or    |      0|  0|  10|          10|           3|
    |or_ln20_7_fu_1125_p2    |    or    |      0|  0|  10|          10|           4|
    |or_ln20_8_fu_1147_p2    |    or    |      0|  0|  10|          10|           4|
    |or_ln20_9_fu_1169_p2    |    or    |      0|  0|  10|          10|           4|
    |or_ln20_fu_971_p2       |    or    |      0|  0|  10|          10|           1|
    +------------------------+----------+-------+---+----+------------+------------+
    |Total                   |          |      0|  0|1269|         383|         274|
    +------------------------+----------+-------+---+----+------------+------------+

    * Multiplexer: 
    +-------------------------------+-----+-----------+-----+-----------+
    |              Name             | LUT | Input Size| Bits| Total Bits|
    +-------------------------------+-----+-----------+-----+-----------+
    |INPUT1_TDATA_blk_n             |    9|          2|    1|          2|
    |INPUT2_TDATA_blk_n             |    9|          2|    1|          2|
    |OUTPUT1_TDATA_blk_n            |    9|          2|    1|          2|
    |OUTPUT1_TLAST_int              |   15|          3|    1|          3|
    |OUTPUT2_TDATA_blk_n            |    9|          2|    1|          2|
    |OUTPUT2_TLAST_int              |   15|          3|    1|          3|
    |ap_NS_fsm                      |  445|        101|    1|        101|
    |cos_coefficients_tab_address0  |   85|         17|   10|        170|
    |grp_fu_772_opcode              |   15|          3|    2|          6|
    |grp_fu_772_p0                  |   21|          4|   32|        128|
    |grp_fu_772_p1                  |   21|          4|   32|        128|
    |grp_fu_776_p0                  |   21|          4|   32|        128|
    |grp_fu_776_p1                  |   21|          4|   32|        128|
    |i1_0_reg_739                   |    9|          2|   11|         22|
    |i2_0_reg_761                   |    9|          2|   10|         20|
    |i_0_reg_728                    |    9|          2|   11|         22|
    |imag_out_address0              |   21|          4|   10|         40|
    |imag_sample_address0           |   89|         18|   10|        180|
    |j_0_0_reg_750                  |    9|          2|   11|         22|
    |real_out_address0              |   21|          4|   10|         40|
    |real_sample_address0           |   89|         18|   10|        180|
    |sin_coefficients_tab_address0  |   85|         17|   10|        170|
    +-------------------------------+-----+-----------+-----+-----------+
    |Total                          | 1036|        220|  240|       1499|
    +-------------------------------+-----+-----------+-----+-----------+

    * Register: 
    +------------------------+-----+----+-----+-----------+
    |          Name          |  FF | LUT| Bits| Const Bits|
    +------------------------+-----+----+-----+-----------+
    |add_ln20_reg_1407       |   11|   0|   11|          0|
    |ap_CS_fsm               |  100|   0|  100|          0|
    |empty_7_reg_1378        |   10|   0|   10|          0|
    |i1_0_reg_739            |   11|   0|   11|          0|
    |i2_0_reg_761            |   10|   0|   10|          0|
    |i_0_reg_728             |   11|   0|   11|          0|
    |i_2_reg_1350            |   11|   0|   11|          0|
    |i_3_reg_1715            |   10|   0|   10|          0|
    |imag_out_addr_reg_1360  |   10|   0|   10|          0|
    |j_0_0_reg_750           |   11|   0|   11|          0|
    |real_out_addr_reg_1355  |   10|   0|   10|          0|
    |reg_804                 |   32|   0|   32|          0|
    |reg_810                 |   32|   0|   32|          0|
    |reg_816                 |   32|   0|   32|          0|
    |reg_822                 |   32|   0|   32|          0|
    |reg_828                 |   32|   0|   32|          0|
    |reg_834                 |   32|   0|   32|          0|
    |reg_840                 |   32|   0|   32|          0|
    |reg_846                 |   32|   0|   32|          0|
    |reg_852                 |   32|   0|   32|          0|
    |reg_858                 |   32|   0|   32|          0|
    |reg_865                 |   32|   0|   32|          0|
    |reg_871                 |   32|   0|   32|          0|
    |reg_878                 |   32|   0|   32|          0|
    |reg_883                 |   32|   0|   32|          0|
    |trunc_ln22_reg_1327     |   10|   0|   10|          0|
    +------------------------+-----+----+-----+-----------+
    |Total                   |  663|   0|  663|          0|
    +------------------------+-----+----+-----+-----------+



================================================================
== Interface
================================================================
* Summary: 
+------------------------+-----+-----+------------+----------------+--------------+
|        RTL Ports       | Dir | Bits|  Protocol  |  Source Object |    C Type    |
+------------------------+-----+-----+------------+----------------+--------------+
|s_axi_AXILiteS_AWVALID  |  in |    1|    s_axi   |    AXILiteS    |  return void |
|s_axi_AXILiteS_AWREADY  | out |    1|    s_axi   |    AXILiteS    |  return void |
|s_axi_AXILiteS_AWADDR   |  in |    4|    s_axi   |    AXILiteS    |  return void |
|s_axi_AXILiteS_WVALID   |  in |    1|    s_axi   |    AXILiteS    |  return void |
|s_axi_AXILiteS_WREADY   | out |    1|    s_axi   |    AXILiteS    |  return void |
|s_axi_AXILiteS_WDATA    |  in |   32|    s_axi   |    AXILiteS    |  return void |
|s_axi_AXILiteS_WSTRB    |  in |    4|    s_axi   |    AXILiteS    |  return void |
|s_axi_AXILiteS_ARVALID  |  in |    1|    s_axi   |    AXILiteS    |  return void |
|s_axi_AXILiteS_ARREADY  | out |    1|    s_axi   |    AXILiteS    |  return void |
|s_axi_AXILiteS_ARADDR   |  in |    4|    s_axi   |    AXILiteS    |  return void |
|s_axi_AXILiteS_RVALID   | out |    1|    s_axi   |    AXILiteS    |  return void |
|s_axi_AXILiteS_RREADY   |  in |    1|    s_axi   |    AXILiteS    |  return void |
|s_axi_AXILiteS_RDATA    | out |   32|    s_axi   |    AXILiteS    |  return void |
|s_axi_AXILiteS_RRESP    | out |    2|    s_axi   |    AXILiteS    |  return void |
|s_axi_AXILiteS_BVALID   | out |    1|    s_axi   |    AXILiteS    |  return void |
|s_axi_AXILiteS_BREADY   |  in |    1|    s_axi   |    AXILiteS    |  return void |
|s_axi_AXILiteS_BRESP    | out |    2|    s_axi   |    AXILiteS    |  return void |
|ap_clk                  |  in |    1| ap_ctrl_hs |       dft      | return value |
|ap_rst_n                |  in |    1| ap_ctrl_hs |       dft      | return value |
|interrupt               | out |    1| ap_ctrl_hs |       dft      | return value |
|INPUT1_TDATA            |  in |   32|    axis    |   INPUT1_data  |    pointer   |
|INPUT1_TVALID           |  in |    1|    axis    |  INPUT1_last_V |    pointer   |
|INPUT1_TREADY           | out |    1|    axis    |  INPUT1_last_V |    pointer   |
|INPUT1_TLAST            |  in |    1|    axis    |  INPUT1_last_V |    pointer   |
|INPUT2_TDATA            |  in |   32|    axis    |   INPUT2_data  |    pointer   |
|INPUT2_TVALID           |  in |    1|    axis    |  INPUT2_last_V |    pointer   |
|INPUT2_TREADY           | out |    1|    axis    |  INPUT2_last_V |    pointer   |
|INPUT2_TLAST            |  in |    1|    axis    |  INPUT2_last_V |    pointer   |
|OUTPUT1_TDATA           | out |   32|    axis    |  OUTPUT1_data  |    pointer   |
|OUTPUT1_TVALID          | out |    1|    axis    | OUTPUT1_last_V |    pointer   |
|OUTPUT1_TREADY          |  in |    1|    axis    | OUTPUT1_last_V |    pointer   |
|OUTPUT1_TLAST           | out |    1|    axis    | OUTPUT1_last_V |    pointer   |
|OUTPUT2_TDATA           | out |   32|    axis    |  OUTPUT2_data  |    pointer   |
|OUTPUT2_TVALID          | out |    1|    axis    | OUTPUT2_last_V |    pointer   |
|OUTPUT2_TREADY          |  in |    1|    axis    | OUTPUT2_last_V |    pointer   |
|OUTPUT2_TLAST           | out |    1|    axis    | OUTPUT2_last_V |    pointer   |
+------------------------+-----+-----+------------+----------------+--------------+

